Component: ARM Compiler 5.06 update 7 (build 960) Tool: armlink [4d3601]

==============================================================================

Section Cross References

    startup_stm32f103xb.o(STACK) refers (Special) to heapauxi.o(.text) for __use_two_region_memory
    startup_stm32f103xb.o(HEAP) refers (Special) to heapauxi.o(.text) for __use_two_region_memory
    startup_stm32f103xb.o(RESET) refers (Special) to heapauxi.o(.text) for __use_two_region_memory
    startup_stm32f103xb.o(RESET) refers to startup_stm32f103xb.o(STACK) for __initial_sp
    startup_stm32f103xb.o(RESET) refers to startup_stm32f103xb.o(.text) for Reset_Handler
    startup_stm32f103xb.o(RESET) refers to stm32f1xx_it.o(i.NMI_Handler) for NMI_Handler
    startup_stm32f103xb.o(RESET) refers to stm32f1xx_it.o(i.HardFault_Handler) for HardFault_Handler
    startup_stm32f103xb.o(RESET) refers to stm32f1xx_it.o(i.MemManage_Handler) for MemManage_Handler
    startup_stm32f103xb.o(RESET) refers to stm32f1xx_it.o(i.BusFault_Handler) for BusFault_Handler
    startup_stm32f103xb.o(RESET) refers to stm32f1xx_it.o(i.UsageFault_Handler) for UsageFault_Handler
    startup_stm32f103xb.o(RESET) refers to stm32f1xx_it.o(i.SVC_Handler) for SVC_Handler
    startup_stm32f103xb.o(RESET) refers to stm32f1xx_it.o(i.DebugMon_Handler) for DebugMon_Handler
    startup_stm32f103xb.o(RESET) refers to stm32f1xx_it.o(i.PendSV_Handler) for PendSV_Handler
    startup_stm32f103xb.o(RESET) refers to stm32f1xx_it.o(i.SysTick_Handler) for SysTick_Handler
    startup_stm32f103xb.o(RESET) refers to stm32f1xx_it.o(i.USART1_IRQHandler) for USART1_IRQHandler
    startup_stm32f103xb.o(.text) refers (Special) to heapauxi.o(.text) for __use_two_region_memory
    startup_stm32f103xb.o(.text) refers to system_stm32f1xx.o(i.SystemInit) for SystemInit
    startup_stm32f103xb.o(.text) refers to __main.o(!!!main) for __main
    startup_stm32f103xb.o(.text) refers to startup_stm32f103xb.o(HEAP) for Heap_Mem
    startup_stm32f103xb.o(.text) refers to startup_stm32f103xb.o(STACK) for Stack_Mem
    my_dht22.o(i.DHT22_GetTemp_Humidity) refers to my_dht22.o(i.ONE_WIRE_PinMode) for ONE_WIRE_PinMode
    my_dht22.o(i.DHT22_GetTemp_Humidity) refers to my_dht22.o(i.ONE_WIRE_Pin_Write) for ONE_WIRE_Pin_Write
    my_dht22.o(i.DHT22_GetTemp_Humidity) refers to my_dht22.o(i.DelayMicroSeconds) for DelayMicroSeconds
    my_dht22.o(i.DHT22_GetTemp_Humidity) refers to my_dht22.o(i.DHT22_ReadRaw) for DHT22_ReadRaw
    my_dht22.o(i.DHT22_GetTemp_Humidity) refers to fflt_clz.o(x$fpl$ffltu) for __aeabi_ui2f
    my_dht22.o(i.DHT22_GetTemp_Humidity) refers to fdiv.o(x$fpl$fdiv) for __aeabi_fdiv
    my_dht22.o(i.DHT22_Init) refers to my_dht22.o(.data) for .data
    my_dht22.o(i.DHT22_ReadRaw) refers to my_dht22.o(i.DelayMicroSeconds) for DelayMicroSeconds
    my_dht22.o(i.DHT22_ReadRaw) refers to my_dht22.o(i.ONE_WIRE_Pin_Read) for ONE_WIRE_Pin_Read
    my_dht22.o(i.DelayMicroSeconds) refers to system_stm32f1xx.o(.data) for SystemCoreClock
    my_dht22.o(i.ONE_WIRE_PinMode) refers to stm32f1xx_hal_gpio.o(i.HAL_GPIO_Init) for HAL_GPIO_Init
    my_dht22.o(i.ONE_WIRE_Pin_Read) refers to stm32f1xx_hal_gpio.o(i.HAL_GPIO_ReadPin) for HAL_GPIO_ReadPin
    my_dht22.o(i.ONE_WIRE_Pin_Read) refers to my_dht22.o(.data) for .data
    my_dht22.o(i.ONE_WIRE_Pin_Write) refers to stm32f1xx_hal_gpio.o(i.HAL_GPIO_WritePin) for HAL_GPIO_WritePin
    my_dht22.o(i.ONE_WIRE_Pin_Write) refers to my_dht22.o(.data) for .data
    main.o(i.MX_GPIO_Init) refers to stm32f1xx_hal_gpio.o(i.HAL_GPIO_WritePin) for HAL_GPIO_WritePin
    main.o(i.MX_GPIO_Init) refers to stm32f1xx_hal_gpio.o(i.HAL_GPIO_Init) for HAL_GPIO_Init
    main.o(i.SystemClock_Config) refers to rt_memclr_w.o(.text) for __aeabi_memclr4
    main.o(i.SystemClock_Config) refers to stm32f1xx_hal_rcc.o(i.HAL_RCC_OscConfig) for HAL_RCC_OscConfig
    main.o(i.SystemClock_Config) refers to stm32f1xx_hal_rcc.o(i.HAL_RCC_ClockConfig) for HAL_RCC_ClockConfig
    main.o(i.main) refers to _printf_percent.o(.ARM.Collect$$_printf_percent$$00000000) for _printf_percent
    main.o(i.main) refers to _printf_f.o(.ARM.Collect$$_printf_percent$$00000003) for _printf_f
    main.o(i.main) refers to printf1.o(x$fpl$printf1) for _printf_fp_dec
    main.o(i.main) refers to stm32f1xx_hal.o(i.HAL_Init) for HAL_Init
    main.o(i.main) refers to main.o(i.SystemClock_Config) for SystemClock_Config
    main.o(i.main) refers to main.o(i.MX_GPIO_Init) for MX_GPIO_Init
    main.o(i.main) refers to stm32f1xx_hal_uart.o(i.HAL_UART_Init) for HAL_UART_Init
    main.o(i.main) refers to my_dht22.o(i.DHT22_Init) for DHT22_Init
    main.o(i.main) refers to spi_drive.o(i.spi_init) for spi_init
    main.o(i.main) refers to n5110_drive.o(i.n5110_init) for n5110_init
    main.o(i.main) refers to rt_memclr_w.o(.text) for __aeabi_memclr4
    main.o(i.main) refers to n5110_drive.o(i.n5110_clear) for n5110_clear
[...]
    Removing stm32f1xx_hal_flash_ex.o(i.HAL_FLASHEx_OBGetConfig), (36 bytes).
    Removing stm32f1xx_hal_flash_ex.o(i.HAL_FLASHEx_OBGetUserData), (32 bytes).
    Removing stm32f1xx_hal_flash_ex.o(i.HAL_FLASHEx_OBProgram), (200 bytes).
    Removing stm32f1xx_hal_exti.o(.rev16_text), (4 bytes).
    Removing stm32f1xx_hal_exti.o(.revsh_text), (4 bytes).
    Removing stm32f1xx_hal_exti.o(.rrx_text), (6 bytes).
    Removing stm32f1xx_hal_exti.o(i.HAL_EXTI_ClearConfigLine), (104 bytes).
    Removing stm32f1xx_hal_exti.o(i.HAL_EXTI_ClearPending), (20 bytes).
    Removing stm32f1xx_hal_exti.o(i.HAL_EXTI_GenerateSWI), (20 bytes).
    Removing stm32f1xx_hal_exti.o(i.HAL_EXTI_GetConfigLine), (144 bytes).
    Removing stm32f1xx_hal_exti.o(i.HAL_EXTI_GetHandle), (12 bytes).
    Removing stm32f1xx_hal_exti.o(i.HAL_EXTI_GetPending), (24 bytes).
    Removing stm32f1xx_hal_exti.o(i.HAL_EXTI_IRQHandler), (36 bytes).
    Removing stm32f1xx_hal_exti.o(i.HAL_EXTI_RegisterCallback), (14 bytes).
    Removing stm32f1xx_hal_exti.o(i.HAL_EXTI_SetConfigLine), (164 bytes).
    Removing system_stm32f1xx.o(.rev16_text), (4 bytes).
    Removing system_stm32f1xx.o(.revsh_text), (4 bytes).
    Removing system_stm32f1xx.o(.rrx_text), (6 bytes).
    Removing system_stm32f1xx.o(i.SystemCoreClockUpdate), (104 bytes).

247 unused section(s) (total 10712 bytes) removed from the image.

==============================================================================

Image Symbol Table

    Local Symbols

    Symbol Name                              Value     Ov Type        Size  Object(Section)

    ../Core/Src/main.c                       0x00000000   Number         0  main.o ABSOLUTE
    ../Core/Src/stm32f1xx_hal_msp.c          0x00000000   Number         0  stm32f1xx_hal_msp.o ABSOLUTE
    ../Core/Src/stm32f1xx_it.c               0x00000000   Number         0  stm32f1xx_it.o ABSOLUTE
    ../Core/Src/system_stm32f1xx.c           0x00000000   Number         0  system_stm32f1xx.o ABSOLUTE
    ../Drivers/STM32F1xx_HAL_Driver/Src/stm32f1xx_hal.c 0x00000000   Number         0  stm32f1xx_hal.o ABSOLUTE
    ../Drivers/STM32F1xx_HAL_Driver/Src/stm32f1xx_hal_cortex.c 0x00000000   Number         0  stm32f1xx_hal_cortex.o ABSOLUTE
    ../Drivers/STM32F1xx_HAL_Driver/Src/stm32f1xx_hal_dma.c 0x00000000   Number         0  stm32f1xx_hal_dma.o ABSOLUTE
    ../Drivers/STM32F1xx_HAL_Driver/Src/stm32f1xx_hal_exti.c 0x00000000   Number         0  stm32f1xx_hal_exti.o ABSOLUTE
    ../Drivers/STM32F1xx_HAL_Driver/Src/stm32f1xx_hal_flash.c 0x00000000   Number         0  stm32f1xx_hal_flash.o ABSOLUTE
    ../Drivers/STM32F1xx_HAL_Driver/Src/stm32f1xx_hal_flash_ex.c 0x00000000   Number         0  stm32f1xx_hal_flash_ex.o ABSOLUTE
    ../Drivers/STM32F1xx_HAL_Driver/Src/stm32f1xx_hal_gpio.c 0x00000000   Number         0  stm32f1xx_hal_gpio.o ABSOLUTE
    ../Drivers/STM32F1xx_HAL_Driver/Src/stm32f1xx_hal_gpio_ex.c 0x00000000   Number         0  stm32f1xx_hal_gpio_ex.o ABSOLUTE
    ../Drivers/STM32F1xx_HAL_Driver/Src/stm32f1xx_hal_pwr.c 0x00000000   Number         0  stm32f1xx_hal_pwr.o ABSOLUTE
    ../Drivers/STM32F1xx_HAL_Driver/Src/stm32f1xx_hal_rcc.c 0x00000000   Number         0  stm32f1xx_hal_rcc.o ABSOLUTE
    ../Drivers/STM32F1xx_HAL_Driver/Src/stm32f1xx_hal_rcc_ex.c 0x00000000   Number         0  stm32f1xx_hal_rcc_ex.o ABSOLUTE
    ../Drivers/STM32F1xx_HAL_Driver/Src/stm32f1xx_hal_tim.c 0x00000000   Number         0  stm32f1xx_hal_tim.o ABSOLUTE
    ../Drivers/STM32F1xx_HAL_Driver/Src/stm32f1xx_hal_tim_ex.c 0x00000000   Number         0  stm32f1xx_hal_tim_ex.o ABSOLUTE
    ../Drivers/STM32F1xx_HAL_Driver/Src/stm32f1xx_hal_uart.c 0x00000000   Number         0  stm32f1xx_hal_uart.o ABSOLUTE
    ../clib/angel/boardlib.s                 0x00000000   Number         0  boardinit1.o ABSOLUTE
    ../clib/angel/boardlib.s                 0x00000000   Number         0  boardshut.o ABSOLUTE
    ../clib/angel/boardlib.s                 0x00000000   Number         0  boardinit3.o ABSOLUTE
    ../clib/angel/boardlib.s                 0x00000000   Number         0  boardinit2.o ABSOLUTE
    ../clib/angel/dclz77c.s                  0x00000000   Number         0  __dclz77c.o ABSOLUTE
    ../clib/angel/handlers.s                 0x00000000   Number         0  __scatter_zi.o ABSOLUTE
    ../clib/angel/kernel.s                   0x00000000   Number         0  __rtentry.o ABSOLUTE
    ../clib/angel/kernel.s                   0x00000000   Number         0  rtexit.o ABSOLUTE
    ../clib/angel/kernel.s                   0x00000000   Number         0  rtexit2.o ABSOLUTE
    ../clib/angel/kernel.s                   0x00000000   Number         0  __rtentry4.o ABSOLUTE
    ../clib/angel/kernel.s                   0x00000000   Number         0  __rtentry2.o ABSOLUTE
    ../clib/angel/rt.s                       0x00000000   Number         0  rt_locale.o ABSOLUTE
    ../clib/angel/rt.s                       0x00000000   Number         0  rt_raise.o ABSOLUTE
    ../clib/angel/rt.s                       0x00000000   Number         0  rt_locale_intlibspace.o ABSOLUTE
    ../clib/angel/scatter.s                  0x00000000   Number         0  __scatter.o ABSOLUTE
    ../clib/angel/startup.s                  0x00000000   Number         0  __main.o ABSOLUTE
    ../clib/angel/sys.s                      0x00000000   Number         0  indicate_semi.o ABSOLUTE
    ../clib/angel/sys.s                      0x00000000   Number         0  use_no_semi.o ABSOLUTE
    ../clib/angel/sys.s                      0x00000000   Number         0  sys_stackheap_outer.o ABSOLUTE
    ../clib/angel/sys.s                      0x00000000   Number         0  libspace.o ABSOLUTE
    ../clib/angel/sysapp.c                   0x00000000   Number         0  sys_exit.o ABSOLUTE
    ../clib/angel/sysapp.c                   0x00000000   Number         0  sys_wrch.o ABSOLUTE
    ../clib/angel/sysapp.c                   0x00000000   Number         0  sys_command.o ABSOLUTE
    ../clib/armsys.c                         0x00000000   Number         0  no_argv.o ABSOLUTE
    ../clib/armsys.c                         0x00000000   Number         0  argv_veneer.o ABSOLUTE
    ../clib/armsys.c                         0x00000000   Number         0  argv_veneer.o ABSOLUTE
    ../clib/armsys.c                         0x00000000   Number         0  _get_argv_nomalloc.o ABSOLUTE
    ../clib/bigflt.c                         0x00000000   Number         0  bigflt0.o ABSOLUTE
    ../clib/btod.s                           0x00000000   Number         0  btod.o ABSOLUTE
    ../clib/heapalloc.c                      0x00000000   Number         0  hrguard.o ABSOLUTE
    ../clib/heapaux.c                        0x00000000   Number         0  heapauxi.o ABSOLUTE
    ../clib/libinit.s                        0x00000000   Number         0  libinit.o ABSOLUTE
    ../clib/libinit.s                        0x00000000   Number         0  libshutdown.o ABSOLUTE
    ../clib/libinit.s                        0x00000000   Number         0  libshutdown2.o ABSOLUTE
    ../clib/libinit.s                        0x00000000   Number         0  libinit2.o ABSOLUTE
    ../clib/locale.s                         0x00000000   Number         0  lc_numeric_c.o ABSOLUTE
    ../clib/longlong.s                       0x00000000   Number         0  llushr.o ABSOLUTE
    ../clib/longlong.s                       0x00000000   Number         0  lludiv10.o ABSOLUTE
    ../clib/memcpset.s                       0x00000000   Number         0  strcmpv7m.o ABSOLUTE
    ../clib/memcpset.s                       0x00000000   Number         0  rt_memclr_w.o ABSOLUTE
    ../clib/memcpset.s                       0x00000000   Number         0  rt_memcpy_w.o ABSOLUTE
    ../clib/misc.s                           0x00000000   Number         0  printf_stubs.o ABSOLUTE
    ../clib/printf.c                         0x00000000   Number         0  __printf_flags.o ABSOLUTE
    ../clib/printf.c                         0x00000000   Number         0  __printf_ss.o ABSOLUTE
    ../clib/printf.c                         0x00000000   Number         0  __printf_flags_ss.o ABSOLUTE
    ../clib/printf.c                         0x00000000   Number         0  __printf_wp.o ABSOLUTE
    ../clib/printf.c                         0x00000000   Number         0  __printf_flags_wp.o ABSOLUTE
    ../clib/printf.c                         0x00000000   Number         0  __printf_ss_wp.o ABSOLUTE
    ../clib/printf.c                         0x00000000   Number         0  __printf_flags_ss_wp.o ABSOLUTE
    ../clib/printf.c                         0x00000000   Number         0  __printf.o ABSOLUTE
    ../clib/printf.c                         0x00000000   Number         0  __printf_nopercent.o ABSOLUTE
    ../clib/printf.c                         0x00000000   Number         0  _printf_fp_infnan.o ABSOLUTE
    ../clib/printf.c                         0x00000000   Number         0  _sputc.o ABSOLUTE
    ../clib/printf.c                         0x00000000   Number         0  _printf_char_common.o ABSOLUTE
    ../clib/printf.c                         0x00000000   Number         0  _printf_fp_dec.o ABSOLUTE
    ../clib/printf.c                         0x00000000   Number         0  __2sprintf.o ABSOLUTE
    ../clib/printf.c                         0x00000000   Number         0  noretval__2sprintf.o ABSOLUTE
    ../clib/printf_percent.s                 0x00000000   Number         0  _printf_percent_end.o ABSOLUTE
    ../clib/printf_percent.s                 0x00000000   Number         0  _printf_percent.o ABSOLUTE
    ../clib/printf_percent.s                 0x00000000   Number         0  _printf_f.o ABSOLUTE
    ../clib/signal.c                         0x00000000   Number         0  defsig_exit.o ABSOLUTE
    ../clib/signal.c                         0x00000000   Number         0  defsig_general.o ABSOLUTE
    ../clib/signal.c                         0x00000000   Number         0  defsig_rtmem_formal.o ABSOLUTE
    ../clib/signal.c                         0x00000000   Number         0  defsig_rtmem_outer.o ABSOLUTE
    ../clib/signal.c                         0x00000000   Number         0  defsig_abrt_inner.o ABSOLUTE
    ../clib/signal.c                         0x00000000   Number         0  defsig_fpe_inner.o ABSOLUTE
    ../clib/signal.c                         0x00000000   Number         0  defsig_rtred_inner.o ABSOLUTE
    ../clib/signal.c                         0x00000000   Number         0  defsig_rtmem_inner.o ABSOLUTE
    ../clib/signal.c                         0x00000000   Number         0  defsig_stak_inner.o ABSOLUTE
    ../clib/signal.c                         0x00000000   Number         0  __raise.o ABSOLUTE
    ../clib/signal.c                         0x00000000   Number         0  defsig_pvfn_inner.o ABSOLUTE
    ../clib/signal.c                         0x00000000   Number         0  defsig_cppl_inner.o ABSOLUTE
    ../clib/signal.c                         0x00000000   Number         0  defsig_segv_inner.o ABSOLUTE
    ../clib/signal.c                         0x00000000   Number         0  defsig_other.o ABSOLUTE
    ../clib/signal.s                         0x00000000   Number         0  defsig.o ABSOLUTE
    ../clib/stdlib.c                         0x00000000   Number         0  exit.o ABSOLUTE
    ../clib/string.c                         0x00000000   Number         0  strlen.o ABSOLUTE
    ../fplib/dretinf.s                       0x00000000   Number         0  dretinf.o ABSOLUTE
    ../fplib/f2d.s                           0x00000000   Number         0  f2d.o ABSOLUTE
    ../fplib/fdiv.s                          0x00000000   Number         0  fdiv.o ABSOLUTE
    ../fplib/fflt.s                          0x00000000   Number         0  fflt_clz.o ABSOLUTE
    ../fplib/fnaninf.s                       0x00000000   Number         0  fnaninf.o ABSOLUTE
    ../fplib/fpinit.s                        0x00000000   Number         0  fpinit.o ABSOLUTE
    ../fplib/fretinf.s                       0x00000000   Number         0  fretinf.o ABSOLUTE
    ../fplib/istatus.s                       0x00000000   Number         0  istatus.o ABSOLUTE
    ../fplib/printf1.s                       0x00000000   Number         0  printf1.o ABSOLUTE
    ../fplib/usenofp.s                       0x00000000   Number         0  usenofp.o ABSOLUTE
    ../mathlib/fpclassify.c                  0x00000000   Number         0  fpclassify.o ABSOLUTE
    ..\Core\Src\MY_DHT22.c                   0x00000000   Number         0  my_dht22.o ABSOLUTE
    ..\Core\Src\SPI_Drive.c                  0x00000000   Number         0  spi_drive.o ABSOLUTE
    ..\Core\Src\gp_drive.c                   0x00000000   Number         0  gp_drive.o ABSOLUTE
    ..\Core\Src\main.c                       0x00000000   Number         0  main.o ABSOLUTE
    ..\Core\Src\n5110_drive.c                0x00000000   Number         0  n5110_drive.o ABSOLUTE
    ..\Core\Src\stm32f1xx_hal_msp.c          0x00000000   Number         0  stm32f1xx_hal_msp.o ABSOLUTE
    ..\Core\Src\stm32f1xx_it.c               0x00000000   Number         0  stm32f1xx_it.o ABSOLUTE
    ..\Core\Src\system_stm32f1xx.c           0x00000000   Number         0  system_stm32f1xx.o ABSOLUTE
    ..\Core\Src\systick_time.c               0x00000000   Number         0  systick_time.o ABSOLUTE
    ..\Drivers\STM32F1xx_HAL_Driver\Src\stm32f1xx_hal.c 0x00000000   Number         0  stm32f1xx_hal.o ABSOLUTE
    ..\Drivers\STM32F1xx_HAL_Driver\Src\stm32f1xx_hal_cortex.c 0x00000000   Number         0  stm32f1xx_hal_cortex.o ABSOLUTE
    ..\Drivers\STM32F1xx_HAL_Driver\Src\stm32f1xx_hal_dma.c 0x00000000   Number         0  stm32f1xx_hal_dma.o ABSOLUTE
    ..\Drivers\STM32F1xx_HAL_Driver\Src\stm32f1xx_hal_exti.c 0x00000000   Number         0  stm32f1xx_hal_exti.o ABSOLUTE
    ..\Drivers\STM32F1xx_HAL_Driver\Src\stm32f1xx_hal_flash.c 0x00000000   Number         0  stm32f1xx_hal_flash.o ABSOLUTE
    ..\Drivers\STM32F1xx_HAL_Driver\Src\stm32f1xx_hal_flash_ex.c 0x00000000   Number         0  stm32f1xx_hal_flash_ex.o ABSOLUTE
    ..\Drivers\STM32F1xx_HAL_Driver\Src\stm32f1xx_hal_gpio.c 0x00000000   Number         0  stm32f1xx_hal_gpio.o ABSOLUTE
    ..\Drivers\STM32F1xx_HAL_Driver\Src\stm32f1xx_hal_gpio_ex.c 0x00000000   Number         0  stm32f1xx_hal_gpio_ex.o ABSOLUTE
    ..\Drivers\STM32F1xx_HAL_Driver\Src\stm32f1xx_hal_pwr.c 0x00000000   Number         0  stm32f1xx_hal_pwr.o ABSOLUTE
    ..\Drivers\STM32F1xx_HAL_Driver\Src\stm32f1xx_hal_rcc.c 0x00000000   Number         0  stm32f1xx_hal_rcc.o ABSOLUTE
    ..\Drivers\STM32F1xx_HAL_Driver\Src\stm32f1xx_hal_rcc_ex.c 0x00000000   Number         0  stm32f1xx_hal_rcc_ex.o ABSOLUTE
    ..\Drivers\STM32F1xx_HAL_Driver\Src\stm32f1xx_hal_tim.c 0x00000000   Number         0  stm32f1xx_hal_tim.o ABSOLUTE
    ..\Drivers\STM32F1xx_HAL_Driver\Src\stm32f1xx_hal_tim_ex.c 0x00000000   Number         0  stm32f1xx_hal_tim_ex.o ABSOLUTE
    ..\Drivers\STM32F1xx_HAL_Driver\Src\stm32f1xx_hal_uart.c 0x00000000   Number         0  stm32f1xx_hal_uart.o ABSOLUTE
    ..\\Core\\Src\\MY_DHT22.c                0x00000000   Number         0  my_dht22.o ABSOLUTE
    ..\\Core\\Src\\SPI_Drive.c               0x00000000   Number         0  spi_drive.o ABSOLUTE
    ..\\Core\\Src\\gp_drive.c                0x00000000   Number         0  gp_drive.o ABSOLUTE
    ..\\Core\\Src\\n5110_drive.c             0x00000000   Number         0  n5110_drive.o ABSOLUTE
    ..\\Core\\Src\\systick_time.c            0x00000000   Number         0  systick_time.o ABSOLUTE
    dc.s                                     0x00000000   Number         0  dc.o ABSOLUTE
    startup_stm32f103xb.s                    0x00000000   Number         0  startup_stm32f103xb.o ABSOLUTE
    RESET                                    0x08000000   Section      236  startup_stm32f103xb.o(RESET)
    !!!main                                  0x080000ec   Section        8  __main.o(!!!main)
    !!!scatter                               0x080000f4   Section       52  __scatter.o(!!!scatter)
    !!dclz77c                                0x08000128   Section      100  __dclz77c.o(!!dclz77c)
    !!handler_zi                             0x0800018c   Section       28  __scatter_zi.o(!!handler_zi)
    .ARM.Collect$$_printf_percent$$00000000  0x080001a8   Section        0  _printf_percent.o(.ARM.Collect$$_printf_percent$$00000000)
    .ARM.Collect$$_printf_percent$$00000003  0x080001a8   Section        6  _printf_f.o(.ARM.Collect$$_printf_percent$$00000003)
    .ARM.Collect$$_printf_percent$$00000017  0x080001ae   Section        4  _printf_percent_end.o(.ARM.Collect$$_printf_percent$$00000017)
    .ARM.Collect$$libinit$$00000000          0x080001b2   Section        2  libinit.o(.ARM.Collect$$libinit$$00000000)
    .ARM.Collect$$libinit$$00000002          0x080001b4   Section        0  libinit2.o(.ARM.Collect$$libinit$$00000002)
    .ARM.Collect$$libinit$$00000004          0x080001b4   Section        0  libinit2.o(.ARM.Collect$$libinit$$00000004)
    .ARM.Collect$$libinit$$0000000A          0x080001b4   Section        0  libinit2.o(.ARM.Collect$$libinit$$0000000A)
    .ARM.Collect$$libinit$$0000000C          0x080001b4   Section        0  libinit2.o(.ARM.Collect$$libinit$$0000000C)
    .ARM.Collect$$libinit$$0000000E          0x080001b4   Section        0  libinit2.o(.ARM.Collect$$libinit$$0000000E)
    .ARM.Collect$$libinit$$0000000F          0x080001b4   Section        6  libinit2.o(.ARM.Collect$$libinit$$0000000F)
    .ARM.Collect$$libinit$$00000011          0x080001ba   Section        0  libinit2.o(.ARM.Collect$$libinit$$00000011)
    .ARM.Collect$$libinit$$00000013          0x080001ba   Section        0  libinit2.o(.ARM.Collect$$libinit$$00000013)
    .ARM.Collect$$libinit$$00000015          0x080001ba   Section        0  libinit2.o(.ARM.Collect$$libinit$$00000015)
    .ARM.Collect$$libinit$$00000016          0x080001ba   Section       10  libinit2.o(.ARM.Collect$$libinit$$00000016)
    .ARM.Collect$$libinit$$00000017          0x080001c4   Section        0  libinit2.o(.ARM.Collect$$libinit$$00000017)
    .ARM.Collect$$libinit$$00000019          0x080001c4   Section        0  libinit2.o(.ARM.Collect$$libinit$$00000019)
    .ARM.Collect$$libinit$$0000001B          0x080001c4   Section        0  libinit2.o(.ARM.Collect$$libinit$$0000001B)
    .ARM.Collect$$libinit$$0000001D          0x080001c4   Section        0  libinit2.o(.ARM.Collect$$libinit$$0000001D)
    .ARM.Collect$$libinit$$0000001F          0x080001c4   Section        0  libinit2.o(.ARM.Collect$$libinit$$0000001F)
    .ARM.Collect$$libinit$$00000021          0x080001c4   Section        0  libinit2.o(.ARM.Collect$$libinit$$00000021)
    .ARM.Collect$$libinit$$00000023          0x080001c4   Section        0  libinit2.o(.ARM.Collect$$libinit$$00000023)
    .ARM.Collect$$libinit$$00000025          0x080001c4   Section        0  libinit2.o(.ARM.Collect$$libinit$$00000025)
    .ARM.Collect$$libinit$$0000002C          0x080001c4   Section        0  libinit2.o(.ARM.Collect$$libinit$$0000002C)
    .ARM.Collect$$libinit$$0000002E          0x080001c4   Section        0  libinit2.o(.ARM.Collect$$libinit$$0000002E)
    .ARM.Collect$$libinit$$00000030          0x080001c4   Section        0  libinit2.o(.ARM.Collect$$libinit$$00000030)
    .ARM.Collect$$libinit$$00000032          0x080001c4   Section        0  libinit2.o(.ARM.Collect$$libinit$$00000032)
    .ARM.Collect$$libinit$$00000033          0x080001c4   Section        2  libinit2.o(.ARM.Collect$$libinit$$00000033)
    .ARM.Collect$$libshutdown$$00000000      0x080001c6   Section        2  libshutdown.o(.ARM.Collect$$libshutdown$$00000000)
    .ARM.Collect$$libshutdown$$00000002      0x080001c8   Section        0  libshutdown2.o(.ARM.Collect$$libshutdown$$00000002)
    .ARM.Collect$$libshutdown$$00000004      0x080001c8   Section        0  libshutdown2.o(.ARM.Collect$$libshutdown$$00000004)
    .ARM.Collect$$libshutdown$$00000006      0x080001c8   Section        0  libshutdown2.o(.ARM.Collect$$libshutdown$$00000006)
    .ARM.Collect$$libshutdown$$00000009      0x080001c8   Section        0  libshutdown2.o(.ARM.Collect$$libshutdown$$00000009)
    .ARM.Collect$$libshutdown$$0000000C      0x080001c8   Section        0  libshutdown2.o(.ARM.Collect$$libshutdown$$0000000C)
    .ARM.Collect$$libshutdown$$0000000E      0x080001c8   Section        0  libshutdown2.o(.ARM.Collect$$libshutdown$$0000000E)
    .ARM.Collect$$libshutdown$$00000011      0x080001c8   Section        0  libshutdown2.o(.ARM.Collect$$libshutdown$$00000011)
    .ARM.Collect$$libshutdown$$00000012      0x080001c8   Section        2  libshutdown2.o(.ARM.Collect$$libshutdown$$00000012)
    .ARM.Collect$$rtentry$$00000000          0x080001ca   Section        0  __rtentry.o(.ARM.Collect$$rtentry$$00000000)
    .ARM.Collect$$rtentry$$00000002          0x080001ca   Section        0  __rtentry2.o(.ARM.Collect$$rtentry$$00000002)
    .ARM.Collect$$rtentry$$00000004          0x080001ca   Section        6  __rtentry4.o(.ARM.Collect$$rtentry$$00000004)
    .ARM.Collect$$rtentry$$00000009          0x080001d0   Section        0  __rtentry2.o(.ARM.Collect$$rtentry$$00000009)
    .ARM.Collect$$rtentry$$0000000A          0x080001d0   Section        4  __rtentry2.o(.ARM.Collect$$rtentry$$0000000A)
    .ARM.Collect$$rtentry$$0000000C          0x080001d4   Section        0  __rtentry2.o(.ARM.Collect$$rtentry$$0000000C)
    .ARM.Collect$$rtentry$$0000000D          0x080001d4   Section        8  __rtentry2.o(.ARM.Collect$$rtentry$$0000000D)
    .ARM.Collect$$rtexit$$00000000           0x080001dc   Section        2  rtexit.o(.ARM.Collect$$rtexit$$00000000)
    .ARM.Collect$$rtexit$$00000002           0x080001de   Section        0  rtexit2.o(.ARM.Collect$$rtexit$$00000002)
    .ARM.Collect$$rtexit$$00000003           0x080001de   Section        4  rtexit2.o(.ARM.Collect$$rtexit$$00000003)
    .ARM.Collect$$rtexit$$00000004           0x080001e2   Section        6  rtexit2.o(.ARM.Collect$$rtexit$$00000004)
    .text                                    0x080001e8   Section       64  startup_stm32f103xb.o(.text)
    .text                                    0x08000228   Section        0  noretval__2sprintf.o(.text)
    .text                                    0x08000250   Section        0  __printf_wp.o(.text)
    .text                                    0x0800035e   Section        0  strlen.o(.text)
    .text                                    0x0800039c   Section      100  rt_memcpy_w.o(.text)
    .text                                    0x08000400   Section       78  rt_memclr_w.o(.text)
    .text                                    0x0800044e   Section        0  heapauxi.o(.text)
    .text                                    0x08000454   Section        0  _printf_fp_dec.o(.text)
    _fp_digits                               0x08000457   Thumb Code   432  _printf_fp_dec.o(.text)
    .text                                    0x08000874   Section        0  _printf_char_common.o(.text)
    _printf_input_char                       0x08000875   Thumb Code    10  _printf_char_common.o(.text)
    .text                                    0x080008a4   Section        0  _sputc.o(.text)
    .text                                    0x080008b0   Section        8  rt_locale_intlibspace.o(.text)
    .text                                    0x080008b8   Section      138  lludiv10.o(.text)
    .text                                    0x08000944   Section        0  _printf_fp_infnan.o(.text)
    .text                                    0x080009c4   Section        0  bigflt0.o(.text)
    .text                                    0x08000aa8   Section        8  libspace.o(.text)
    .text                                    0x08000ab0   Section       74  sys_stackheap_outer.o(.text)
    .text                                    0x08000afa   Section        0  exit.o(.text)
    .text                                    0x08000b0c   Section      128  strcmpv7m.o(.text)
    .text                                    0x08000b8c   Section        0  sys_exit.o(.text)
    .text                                    0x08000b98   Section        2  use_no_semi.o(.text)
    .text                                    0x08000b9a   Section        0  indicate_semi.o(.text)
    CL$$btod_d2e                             0x08000b9a   Section       62  btod.o(CL$$btod_d2e)
    CL$$btod_d2e_denorm_low                  0x08000bd8   Section       70  btod.o(CL$$btod_d2e_denorm_low)
    CL$$btod_d2e_norm_op1                    0x08000c1e   Section       96  btod.o(CL$$btod_d2e_norm_op1)
    CL$$btod_div_common                      0x08000c7e   Section      824  btod.o(CL$$btod_div_common)
    CL$$btod_e2e                             0x08000fb6   Section      220  btod.o(CL$$btod_e2e)
    CL$$btod_ediv                            0x08001092   Section       42  btod.o(CL$$btod_ediv)
    CL$$btod_emul                            0x080010bc   Section       42  btod.o(CL$$btod_emul)
    CL$$btod_mult_common                     0x080010e6   Section      580  btod.o(CL$$btod_mult_common)
    i.BusFault_Handler                       0x0800132a   Section        0  stm32f1xx_it.o(i.BusFault_Handler)
    i.DHT22_GetTemp_Humidity                 0x0800132c   Section        0  my_dht22.o(i.DHT22_GetTemp_Humidity)
    i.DHT22_Init                             0x080013b4   Section        0  my_dht22.o(i.DHT22_Init)
    i.DHT22_ReadRaw                          0x080013dc   Section        0  my_dht22.o(i.DHT22_ReadRaw)
    DHT22_ReadRaw                            0x080013dd   Thumb Code   148  my_dht22.o(i.DHT22_ReadRaw)
    i.DebugMon_Handler                       0x08001470   Section        0  stm32f1xx_it.o(i.DebugMon_Handler)
    i.DelayMicroSeconds                      0x08001474   Section        0  my_dht22.o(i.DelayMicroSeconds)
    DelayMicroSeconds                        0x08001475   Thumb Code    18  my_dht22.o(i.DelayMicroSeconds)
    i.HAL_DMA_Abort                          0x08001490   Section        0  stm32f1xx_hal_dma.o(i.HAL_DMA_Abort)
    i.HAL_DMA_Abort_IT                       0x080014d8   Section        0  stm32f1xx_hal_dma.o(i.HAL_DMA_Abort_IT)
    i.HAL_Delay                              0x08001570   Section        0  stm32f1xx_hal.o(i.HAL_Delay)
    i.HAL_GPIO_Init                          0x08001594   Section        0  stm32f1xx_hal_gpio.o(i.HAL_GPIO_Init)
    i.HAL_GPIO_ReadPin                       0x08001774   Section        0  stm32f1xx_hal_gpio.o(i.HAL_GPIO_ReadPin)
    i.HAL_GPIO_WritePin                      0x0800177e   Section        0  stm32f1xx_hal_gpio.o(i.HAL_GPIO_WritePin)
    i.HAL_GetTick                            0x08001788   Section        0  stm32f1xx_hal.o(i.HAL_GetTick)
    i.HAL_IncTick                            0x08001794   Section        0  stm32f1xx_hal.o(i.HAL_IncTick)
    i.HAL_Init                               0x080017a4   Section        0  stm32f1xx_hal.o(i.HAL_Init)
    i.HAL_InitTick                           0x080017c8   Section        0  stm32f1xx_hal.o(i.HAL_InitTick)
    i.HAL_MspInit                            0x08001808   Section        0  stm32f1xx_hal_msp.o(i.HAL_MspInit)
    i.HAL_NVIC_EnableIRQ                     0x08001844   Section        0  stm32f1xx_hal_cortex.o(i.HAL_NVIC_EnableIRQ)
    i.HAL_NVIC_SetPriority                   0x08001860   Section        0  stm32f1xx_hal_cortex.o(i.HAL_NVIC_SetPriority)
    i.HAL_NVIC_SetPriorityGrouping           0x080018a0   Section        0  stm32f1xx_hal_cortex.o(i.HAL_NVIC_SetPriorityGrouping)
    i.HAL_RCC_ClockConfig                    0x080018c4   Section        0  stm32f1xx_hal_rcc.o(i.HAL_RCC_ClockConfig)
    i.HAL_RCC_GetPCLK1Freq                   0x080019f0   Section        0  stm32f1xx_hal_rcc.o(i.HAL_RCC_GetPCLK1Freq)
    i.HAL_RCC_GetPCLK2Freq                   0x08001a10   Section        0  stm32f1xx_hal_rcc.o(i.HAL_RCC_GetPCLK2Freq)
    i.HAL_RCC_GetSysClockFreq                0x08001a30   Section        0  stm32f1xx_hal_rcc.o(i.HAL_RCC_GetSysClockFreq)
    i.HAL_RCC_OscConfig                      0x08001a9c   Section        0  stm32f1xx_hal_rcc.o(i.HAL_RCC_OscConfig)
    i.HAL_SYSTICK_Config                     0x08001dbc   Section        0  stm32f1xx_hal_cortex.o(i.HAL_SYSTICK_Config)
    i.HAL_UARTEx_RxEventCallback             0x08001de4   Section        0  stm32f1xx_hal_uart.o(i.HAL_UARTEx_RxEventCallback)
    i.HAL_UART_ErrorCallback                 0x08001de6   Section        0  stm32f1xx_hal_uart.o(i.HAL_UART_ErrorCallback)
    i.HAL_UART_IRQHandler                    0x08001de8   Section        0  stm32f1xx_hal_uart.o(i.HAL_UART_IRQHandler)
    i.HAL_UART_Init                          0x08001ff4   Section        0  stm32f1xx_hal_uart.o(i.HAL_UART_Init)
    i.HAL_UART_MspInit                       0x08002058   Section        0  stm32f1xx_hal_msp.o(i.HAL_UART_MspInit)
    i.HAL_UART_RxCpltCallback                0x080020d8   Section        0  stm32f1xx_hal_uart.o(i.HAL_UART_RxCpltCallback)
    i.HAL_UART_Transmit                      0x080020dc   Section        0  stm32f1xx_hal_uart.o(i.HAL_UART_Transmit)
    i.HAL_UART_TxCpltCallback                0x0800218e   Section        0  stm32f1xx_hal_uart.o(i.HAL_UART_TxCpltCallback)
    i.HardFault_Handler                      0x08002190   Section        0  stm32f1xx_it.o(i.HardFault_Handler)
    i.MX_GPIO_Init                           0x08002194   Section        0  main.o(i.MX_GPIO_Init)
    MX_GPIO_Init                             0x08002195   Thumb Code   178  main.o(i.MX_GPIO_Init)
    i.MemManage_Handler                      0x08002258   Section        0  stm32f1xx_it.o(i.MemManage_Handler)
    i.NMI_Handler                            0x0800225a   Section        0  stm32f1xx_it.o(i.NMI_Handler)
    i.ONE_WIRE_PinMode                       0x0800225c   Section        0  my_dht22.o(i.ONE_WIRE_PinMode)
    ONE_WIRE_PinMode                         0x0800225d   Thumb Code    42  my_dht22.o(i.ONE_WIRE_PinMode)
    i.ONE_WIRE_Pin_Read                      0x0800228c   Section        0  my_dht22.o(i.ONE_WIRE_Pin_Read)
    ONE_WIRE_Pin_Read                        0x0800228d   Thumb Code    18  my_dht22.o(i.ONE_WIRE_Pin_Read)
    i.ONE_WIRE_Pin_Write                     0x080022a4   Section        0  my_dht22.o(i.ONE_WIRE_Pin_Write)
    ONE_WIRE_Pin_Write                       0x080022a5   Thumb Code    16  my_dht22.o(i.ONE_WIRE_Pin_Write)
    i.PendSV_Handler                         0x080022b8   Section        0  stm32f1xx_it.o(i.PendSV_Handler)
    i.SVC_Handler                            0x080022ba   Section        0  stm32f1xx_it.o(i.SVC_Handler)
    i.SysTick_Handler                        0x080022bc   Section        0  stm32f1xx_it.o(i.SysTick_Handler)
    i.SystemClock_Config                     0x080022c0   Section        0  main.o(i.SystemClock_Config)
    i.SystemInit                             0x08002310   Section        0  system_stm32f1xx.o(i.SystemInit)
    i.UART_DMAAbortOnError                   0x08002312   Section        0  stm32f1xx_hal_uart.o(i.UART_DMAAbortOnError)
    UART_DMAAbortOnError                     0x08002313   Thumb Code    16  stm32f1xx_hal_uart.o(i.UART_DMAAbortOnError)
    i.UART_EndRxTransfer                     0x08002322   Section        0  stm32f1xx_hal_uart.o(i.UART_EndRxTransfer)
    UART_EndRxTransfer                       0x08002323   Thumb Code    48  stm32f1xx_hal_uart.o(i.UART_EndRxTransfer)
    i.UART_Receive_IT                        0x08002352   Section        0  stm32f1xx_hal_uart.o(i.UART_Receive_IT)
    UART_Receive_IT                          0x08002353   Thumb Code   182  stm32f1xx_hal_uart.o(i.UART_Receive_IT)
    i.UART_SetConfig                         0x08002408   Section        0  stm32f1xx_hal_uart.o(i.UART_SetConfig)
    UART_SetConfig                           0x08002409   Thumb Code   178  stm32f1xx_hal_uart.o(i.UART_SetConfig)
    i.UART_WaitOnFlagUntilTimeout            0x080024c0   Section        0  stm32f1xx_hal_uart.o(i.UART_WaitOnFlagUntilTimeout)
    UART_WaitOnFlagUntilTimeout              0x080024c1   Thumb Code   100  stm32f1xx_hal_uart.o(i.UART_WaitOnFlagUntilTimeout)
    i.USART1_IRQHandler                      0x08002524   Section        0  stm32f1xx_it.o(i.USART1_IRQHandler)
    i.UsageFault_Handler                     0x08002530   Section        0  stm32f1xx_it.o(i.UsageFault_Handler)
    i.W_GP                                   0x08002534   Section        0  gp_drive.o(i.W_GP)
    i.__ARM_fpclassify                       0x0800256c   Section        0  fpclassify.o(i.__ARM_fpclassify)
    i.__NVIC_SetPriority                     0x08002594   Section        0  stm32f1xx_hal_cortex.o(i.__NVIC_SetPriority)
    __NVIC_SetPriority                       0x08002595   Thumb Code    32  stm32f1xx_hal_cortex.o(i.__NVIC_SetPriority)
    i._is_digit                              0x080025b4   Section        0  __printf_wp.o(i._is_digit)
    i.init_GP                                0x080025c4   Section        0  gp_drive.o(i.init_GP)
    i.main                                   0x08002638   Section        0  main.o(i.main)
    i.n5110_clear                            0x080028a8   Section        0  n5110_drive.o(i.n5110_clear)
    i.n5110_clear_buffer                     0x080028d2   Section        0  n5110_drive.o(i.n5110_clear_buffer)
    i.n5110_init                             0x080028f6   Section        0  n5110_drive.o(i.n5110_init)
    i.n5110_pos                              0x0800299e   Section        0  n5110_drive.o(i.n5110_pos)
    i.n5110_print_buffer                     0x080029d2   Section        0  n5110_drive.o(i.n5110_print_buffer)
    i.n5110_update_buffer                    0x08002a20   Section        0  n5110_drive.o(i.n5110_update_buffer)
    i.n5110_update_str_buffer                0x08002a98   Section        0  n5110_drive.o(i.n5110_update_str_buffer)
    i.spi_init                               0x08002af8   Section        0  spi_drive.o(i.spi_init)
    i.spi_tx                                 0x08002bf0   Section        0  spi_drive.o(i.spi_tx)
    locale$$code                             0x08002c44   Section       44  lc_numeric_c.o(locale$$code)
    x$fpl$dretinf                            0x08002c70   Section       12  dretinf.o(x$fpl$dretinf)
    x$fpl$f2d                                0x08002c7c   Section       86  f2d.o(x$fpl$f2d)
    x$fpl$fdiv                               0x08002cd4   Section      388  fdiv.o(x$fpl$fdiv)
    _fdiv1                                   0x08002cd5   Thumb Code     0  fdiv.o(x$fpl$fdiv)
    x$fpl$ffltu                              0x08002e58   Section       38  fflt_clz.o(x$fpl$ffltu)
    x$fpl$fnaninf                            0x08002e7e   Section      140  fnaninf.o(x$fpl$fnaninf)
    x$fpl$fretinf                            0x08002f0a   Section       10  fretinf.o(x$fpl$fretinf)
    x$fpl$printf1                            0x08002f14   Section        4  printf1.o(x$fpl$printf1)
    .constdata                               0x08002f18   Section      480  n5110_drive.o(.constdata)
    x$fpl$usenofp                            0x08002f18   Section        0  usenofp.o(x$fpl$usenofp)
    ASCII                                    0x08002f18   Data         480  n5110_drive.o(.constdata)
    .constdata                               0x080030f8   Section       16  system_stm32f1xx.o(.constdata)
    .constdata                               0x08003108   Section        8  system_stm32f1xx.o(.constdata)
    .constdata                               0x08003110   Section      148  bigflt0.o(.constdata)
    tenpwrs_x                                0x08003110   Data          60  bigflt0.o(.constdata)
    tenpwrs_i                                0x0800314c   Data          64  bigflt0.o(.constdata)
    locale$$data                             0x080031c4   Section       28  lc_numeric_c.o(locale$$data)
    __lcnum_c_name                           0x080031c8   Data           2  lc_numeric_c.o(locale$$data)
    __lcnum_c_start                          0x080031d0   Data           0  lc_numeric_c.o(locale$$data)
    __lcnum_c_point                          0x080031dc   Data           0  lc_numeric_c.o(locale$$data)
    __lcnum_c_thousands                      0x080031de   Data           0  lc_numeric_c.o(locale$$data)
    __lcnum_c_grouping                       0x080031df   Data           0  lc_numeric_c.o(locale$$data)
    __lcnum_c_end                            0x080031e0   Data           0  lc_numeric_c.o(locale$$data)
    .data                                    0x20000000   Section        8  my_dht22.o(.data)
    oneWirePin_Idx                           0x20000000   Data           1  my_dht22.o(.data)
    oneWire_PIN                              0x20000002   Data           2  my_dht22.o(.data)
    oneWire_PORT                             0x20000004   Data           4  my_dht22.o(.data)
    .data                                    0x20000008   Section     4552  main.o(.data)
    welcome_screen_rows                      0x20000008   Data           2  main.o(.data)
    welcome_screen_cols                      0x2000000a   Data           2  main.o(.data)
    display_rows                             0x2000000c   Data           2  main.o(.data)
    display_cols                             0x2000000e   Data           2  main.o(.data)
    welcome_screen                           0x20000018   Data         504  main.o(.data)
    display                                  0x20000210   Data         504  main.o(.data)
    display_lunes                            0x20000408   Data         504  main.o(.data)
    display_martes                           0x20000600   Data         504  main.o(.data)
    display_miercoles                        0x200007f8   Data         504  main.o(.data)
    display_jueves                           0x200009f0   Data         504  main.o(.data)
    display_viernes                          0x20000be8   Data         504  main.o(.data)
    display_sabado                           0x20000de0   Data         504  main.o(.data)
    display_domingo                          0x20000fd8   Data         504  main.o(.data)
    .data                                    0x200011d0   Section       12  stm32f1xx_hal.o(.data)
    .data                                    0x200011dc   Section        4  system_stm32f1xx.o(.data)
    .bss                                     0x200011e0   Section       68  main.o(.bss)
    .bss                                     0x20001224   Section       96  libspace.o(.bss)
    HEAP                                     0x20001288   Section      512  startup_stm32f103xb.o(HEAP)
    Heap_Mem                                 0x20001288   Data         512  startup_stm32f103xb.o(HEAP)
    STACK                                    0x20001488   Section     1024  startup_stm32f103xb.o(STACK)
    Stack_Mem                                0x20001488   Data        1024  startup_stm32f103xb.o(STACK)
    __initial_sp                             0x20001888   Data           0  startup_stm32f103xb.o(STACK)

    Global Symbols

    Symbol Name                              Value     Ov Type        Size  Object(Section)

    BuildAttributes$$THM_ISAv4$P$D$K$B$S$PE$A:L22UL41UL21$X:L11$S22US41US21$IEEE1$IW$USESV6$~STKCKD$USESV7$~SHL$OTIME$ROPI$IEEEJ$EBA8$UX$STANDARDLIB$REQ8$PRES8$EABIv2 0x00000000   Number         0  anon$$obj.o ABSOLUTE
    __ARM_use_no_argv                        0x00000000   Number         0  main.o ABSOLUTE
    _printf_flags                            0x00000000   Number         0  printf_stubs.o ABSOLUTE
    _printf_return_value                     0x00000000   Number         0  printf_stubs.o ABSOLUTE
    _printf_sizespec                         0x00000000   Number         0  printf_stubs.o ABSOLUTE
    _printf_widthprec                        0x00000000   Number         0  printf_stubs.o ABSOLUTE
    __ARM_exceptions_init                     - Undefined Weak Reference
    __alloca_initialize                       - Undefined Weak Reference
    __arm_fini_                               - Undefined Weak Reference
    __arm_preinit_                            - Undefined Weak Reference
    __cpp_initialize__aeabi_                  - Undefined Weak Reference
    __cxa_finalize                            - Undefined Weak Reference
    __sigvec_lookup                           - Undefined Weak Reference
    _atexit_init                              - Undefined Weak Reference
    _call_atexit_fns                          - Undefined Weak Reference
    _clock_init                               - Undefined Weak Reference
    _fp_trap_init                             - Undefined Weak Reference
    _fp_trap_shutdown                         - Undefined Weak Reference
    _get_lc_collate                           - Undefined Weak Reference
    _get_lc_ctype                             - Undefined Weak Reference
    _get_lc_monetary                          - Undefined Weak Reference
    _get_lc_time                              - Undefined Weak Reference
    _getenv_init                              - Undefined Weak Reference
    _handle_redirection                       - Undefined Weak Reference
    _init_alloc                               - Undefined Weak Reference
    _init_user_alloc                          - Undefined Weak Reference
    _initio                                   - Undefined Weak Reference
    _printf_post_padding                      - Undefined Weak Reference
    _printf_pre_padding                       - Undefined Weak Reference
    _rand_init                                - Undefined Weak Reference
    _signal_finish                            - Undefined Weak Reference
    _signal_init                              - Undefined Weak Reference
    _terminate_alloc                          - Undefined Weak Reference
    _terminate_user_alloc                     - Undefined Weak Reference
    _terminateio                              - Undefined Weak Reference
    __Vectors_Size                           0x000000ec   Number         0  startup_stm32f103xb.o ABSOLUTE
    __Vectors                                0x08000000   Data           4  startup_stm32f103xb.o(RESET)
    __Vectors_End                            0x080000ec   Data           0  startup_stm32f103xb.o(RESET)
    __main                                   0x080000ed   Thumb Code     8  __main.o(!!!main)
    __scatterload                            0x080000f5   Thumb Code     0  __scatter.o(!!!scatter)
    __scatterload_rt2                        0x080000f5   Thumb Code    44  __scatter.o(!!!scatter)
    __scatterload_rt2_thumb_only             0x080000f5   Thumb Code     0  __scatter.o(!!!scatter)
    __scatterload_null                       0x08000103   Thumb Code     0  __scatter.o(!!!scatter)
    __decompress                             0x08000129   Thumb Code   100  __dclz77c.o(!!dclz77c)
    __decompress2                            0x08000129   Thumb Code     0  __dclz77c.o(!!dclz77c)
    __scatterload_zeroinit                   0x0800018d   Thumb Code    28  __scatter_zi.o(!!handler_zi)
    _printf_f                                0x080001a9   Thumb Code     0  _printf_f.o(.ARM.Collect$$_printf_percent$$00000003)
    _printf_percent                          0x080001a9   Thumb Code     0  _printf_percent.o(.ARM.Collect$$_printf_percent$$00000000)
    _printf_percent_end                      0x080001af   Thumb Code     0  _printf_percent_end.o(.ARM.Collect$$_printf_percent$$00000017)
    __rt_lib_init                            0x080001b3   Thumb Code     0  libinit.o(.ARM.Collect$$libinit$$00000000)
    __rt_lib_init_fp_1                       0x080001b5   Thumb Code     0  libinit2.o(.ARM.Collect$$libinit$$00000002)
    __rt_lib_init_heap_1                     0x080001b5   Thumb Code     0  libinit2.o(.ARM.Collect$$libinit$$0000000A)
    __rt_lib_init_lc_common                  0x080001b5   Thumb Code     0  libinit2.o(.ARM.Collect$$libinit$$0000000F)
    __rt_lib_init_preinit_1                  0x080001b5   Thumb Code     0  libinit2.o(.ARM.Collect$$libinit$$00000004)
    __rt_lib_init_rand_1                     0x080001b5   Thumb Code     0  libinit2.o(.ARM.Collect$$libinit$$0000000E)
    __rt_lib_init_user_alloc_1               0x080001b5   Thumb Code     0  libinit2.o(.ARM.Collect$$libinit$$0000000C)
    __rt_lib_init_lc_collate_1               0x080001bb   Thumb Code     0  libinit2.o(.ARM.Collect$$libinit$$00000011)
    __rt_lib_init_lc_ctype_1                 0x080001bb   Thumb Code     0  libinit2.o(.ARM.Collect$$libinit$$00000013)
    __rt_lib_init_lc_monetary_1              0x080001bb   Thumb Code     0  libinit2.o(.ARM.Collect$$libinit$$00000015)
    __rt_lib_init_lc_numeric_2               0x080001bb   Thumb Code     0  libinit2.o(.ARM.Collect$$libinit$$00000016)
    __rt_lib_init_alloca_1                   0x080001c5   Thumb Code     0  libinit2.o(.ARM.Collect$$libinit$$0000002E)
    __rt_lib_init_argv_1                     0x080001c5   Thumb Code     0  libinit2.o(.ARM.Collect$$libinit$$0000002C)
    __rt_lib_init_atexit_1                   0x080001c5   Thumb Code     0  libinit2.o(.ARM.Collect$$libinit$$0000001B)
    __rt_lib_init_clock_1                    0x080001c5   Thumb Code     0  libinit2.o(.ARM.Collect$$libinit$$00000021)
    __rt_lib_init_cpp_1                      0x080001c5   Thumb Code     0  libinit2.o(.ARM.Collect$$libinit$$00000032)
    __rt_lib_init_exceptions_1               0x080001c5   Thumb Code     0  libinit2.o(.ARM.Collect$$libinit$$00000030)
    __rt_lib_init_fp_trap_1                  0x080001c5   Thumb Code     0  libinit2.o(.ARM.Collect$$libinit$$0000001F)
    __rt_lib_init_getenv_1                   0x080001c5   Thumb Code     0  libinit2.o(.ARM.Collect$$libinit$$00000023)
    __rt_lib_init_lc_numeric_1               0x080001c5   Thumb Code     0  libinit2.o(.ARM.Collect$$libinit$$00000017)
    __rt_lib_init_lc_time_1                  0x080001c5   Thumb Code     0  libinit2.o(.ARM.Collect$$libinit$$00000019)
    __rt_lib_init_return                     0x080001c5   Thumb Code     0  libinit2.o(.ARM.Collect$$libinit$$00000033)
    __rt_lib_init_signal_1                   0x080001c5   Thumb Code     0  libinit2.o(.ARM.Collect$$libinit$$0000001D)
    __rt_lib_init_stdio_1                    0x080001c5   Thumb Code     0  libinit2.o(.ARM.Collect$$libinit$$00000025)
    __rt_lib_shutdown                        0x080001c7   Thumb Code     0  libshutdown.o(.ARM.Collect$$libshutdown$$00000000)
    __rt_lib_shutdown_cpp_1                  0x080001c9   Thumb Code     0  libshutdown2.o(.ARM.Collect$$libshutdown$$00000004)
    __rt_lib_shutdown_fini_1                 0x080001c9   Thumb Code     0  libshutdown2.o(.ARM.Collect$$libshutdown$$00000002)
    __rt_lib_shutdown_fp_trap_1              0x080001c9   Thumb Code     0  libshutdown2.o(.ARM.Collect$$libshutdown$$00000009)
    __rt_lib_shutdown_heap_1                 0x080001c9   Thumb Code     0  libshutdown2.o(.ARM.Collect$$libshutdown$$00000011)
    __rt_lib_shutdown_return                 0x080001c9   Thumb Code     0  libshutdown2.o(.ARM.Collect$$libshutdown$$00000012)
    __rt_lib_shutdown_signal_1               0x080001c9   Thumb Code     0  libshutdown2.o(.ARM.Collect$$libshutdown$$0000000C)
    __rt_lib_shutdown_stdio_1                0x080001c9   Thumb Code     0  libshutdown2.o(.ARM.Collect$$libshutdown$$00000006)
    __rt_lib_shutdown_user_alloc_1           0x080001c9   Thumb Code     0  libshutdown2.o(.ARM.Collect$$libshutdown$$0000000E)
    __rt_entry                               0x080001cb   Thumb Code     0  __rtentry.o(.ARM.Collect$$rtentry$$00000000)
    __rt_entry_presh_1                       0x080001cb   Thumb Code     0  __rtentry2.o(.ARM.Collect$$rtentry$$00000002)
    __rt_entry_sh                            0x080001cb   Thumb Code     0  __rtentry4.o(.ARM.Collect$$rtentry$$00000004)
    __rt_entry_li                            0x080001d1   Thumb Code     0  __rtentry2.o(.ARM.Collect$$rtentry$$0000000A)
    __rt_entry_postsh_1                      0x080001d1   Thumb Code     0  __rtentry2.o(.ARM.Collect$$rtentry$$00000009)
    __rt_entry_main                          0x080001d5   Thumb Code     0  __rtentry2.o(.ARM.Collect$$rtentry$$0000000D)
    __rt_entry_postli_1                      0x080001d5   Thumb Code     0  __rtentry2.o(.ARM.Collect$$rtentry$$0000000C)
    __rt_exit                                0x080001dd   Thumb Code     0  rtexit.o(.ARM.Collect$$rtexit$$00000000)
    __rt_exit_ls                             0x080001df   Thumb Code     0  rtexit2.o(.ARM.Collect$$rtexit$$00000003)
    __rt_exit_prels_1                        0x080001df   Thumb Code     0  rtexit2.o(.ARM.Collect$$rtexit$$00000002)
    __rt_exit_exit                           0x080001e3   Thumb Code     0  rtexit2.o(.ARM.Collect$$rtexit$$00000004)
    Reset_Handler                            0x080001e9   Thumb Code     8  startup_stm32f103xb.o(.text)
    ADC1_2_IRQHandler                        0x08000203   Thumb Code     0  startup_stm32f103xb.o(.text)
    CAN1_RX1_IRQHandler                      0x08000203   Thumb Code     0  startup_stm32f103xb.o(.text)
    CAN1_SCE_IRQHandler                      0x08000203   Thumb Code     0  startup_stm32f103xb.o(.text)
    DMA1_Channel1_IRQHandler                 0x08000203   Thumb Code     0  startup_stm32f103xb.o(.text)
    DMA1_Channel2_IRQHandler                 0x08000203   Thumb Code     0  startup_stm32f103xb.o(.text)
    DMA1_Channel3_IRQHandler                 0x08000203   Thumb Code     0  startup_stm32f103xb.o(.text)
    DMA1_Channel4_IRQHandler                 0x08000203   Thumb Code     0  startup_stm32f103xb.o(.text)
    DMA1_Channel5_IRQHandler                 0x08000203   Thumb Code     0  startup_stm32f103xb.o(.text)
    DMA1_Channel6_IRQHandler                 0x08000203   Thumb Code     0  startup_stm32f103xb.o(.text)
    DMA1_Channel7_IRQHandler                 0x08000203   Thumb Code     0  startup_stm32f103xb.o(.text)
    EXTI0_IRQHandler                         0x08000203   Thumb Code     0  startup_stm32f103xb.o(.text)
    EXTI15_10_IRQHandler                     0x08000203   Thumb Code     0  startup_stm32f103xb.o(.text)
    EXTI1_IRQHandler                         0x08000203   Thumb Code     0  startup_stm32f103xb.o(.text)
    EXTI2_IRQHandler                         0x08000203   Thumb Code     0  startup_stm32f103xb.o(.text)
    EXTI3_IRQHandler                         0x08000203   Thumb Code     0  startup_stm32f103xb.o(.text)
    EXTI4_IRQHandler                         0x08000203   Thumb Code     0  startup_stm32f103xb.o(.text)
    EXTI9_5_IRQHandler                       0x08000203   Thumb Code     0  startup_stm32f103xb.o(.text)
    FLASH_IRQHandler                         0x08000203   Thumb Code     0  startup_stm32f103xb.o(.text)
    I2C1_ER_IRQHandler                       0x08000203   Thumb Code     0  startup_stm32f103xb.o(.text)
    I2C1_EV_IRQHandler                       0x08000203   Thumb Code     0  startup_stm32f103xb.o(.text)
    I2C2_ER_IRQHandler                       0x08000203   Thumb Code     0  startup_stm32f103xb.o(.text)
    I2C2_EV_IRQHandler                       0x08000203   Thumb Code     0  startup_stm32f103xb.o(.text)
    PVD_IRQHandler                           0x08000203   Thumb Code     0  startup_stm32f103xb.o(.text)
    RCC_IRQHandler                           0x08000203   Thumb Code     0  startup_stm32f103xb.o(.text)
    RTC_Alarm_IRQHandler                     0x08000203   Thumb Code     0  startup_stm32f103xb.o(.text)
    RTC_IRQHandler                           0x08000203   Thumb Code     0  startup_stm32f103xb.o(.text)
    SPI1_IRQHandler                          0x08000203   Thumb Code     0  startup_stm32f103xb.o(.text)
    SPI2_IRQHandler                          0x08000203   Thumb Code     0  startup_stm32f103xb.o(.text)
    TAMPER_IRQHandler                        0x08000203   Thumb Code     0  startup_stm32f103xb.o(.text)
    TIM1_BRK_IRQHandler                      0x08000203   Thumb Code     0  startup_stm32f103xb.o(.text)
    TIM1_CC_IRQHandler                       0x08000203   Thumb Code     0  startup_stm32f103xb.o(.text)
    TIM1_TRG_COM_IRQHandler                  0x08000203   Thumb Code     0  startup_stm32f103xb.o(.text)
    TIM1_UP_IRQHandler                       0x08000203   Thumb Code     0  startup_stm32f103xb.o(.text)
    TIM2_IRQHandler                          0x08000203   Thumb Code     0  startup_stm32f103xb.o(.text)
    TIM3_IRQHandler                          0x08000203   Thumb Code     0  startup_stm32f103xb.o(.text)
    TIM4_IRQHandler                          0x08000203   Thumb Code     0  startup_stm32f103xb.o(.text)
    USART2_IRQHandler                        0x08000203   Thumb Code     0  startup_stm32f103xb.o(.text)
    USART3_IRQHandler                        0x08000203   Thumb Code     0  startup_stm32f103xb.o(.text)
    USBWakeUp_IRQHandler                     0x08000203   Thumb Code     0  startup_stm32f103xb.o(.text)
    USB_HP_CAN1_TX_IRQHandler                0x08000203   Thumb Code     0  startup_stm32f103xb.o(.text)
    USB_LP_CAN1_RX0_IRQHandler               0x08000203   Thumb Code     0  startup_stm32f103xb.o(.text)
    WWDG_IRQHandler                          0x08000203   Thumb Code     0  startup_stm32f103xb.o(.text)
    __user_initial_stackheap                 0x08000205   Thumb Code     0  startup_stm32f103xb.o(.text)
    __2sprintf                               0x08000229   Thumb Code    34  noretval__2sprintf.o(.text)
    __printf                                 0x08000251   Thumb Code   270  __printf_wp.o(.text)
    strlen                                   0x0800035f   Thumb Code    62  strlen.o(.text)
    __aeabi_memcpy4                          0x0800039d   Thumb Code     0  rt_memcpy_w.o(.text)
    __aeabi_memcpy8                          0x0800039d   Thumb Code     0  rt_memcpy_w.o(.text)
    __rt_memcpy_w                            0x0800039d   Thumb Code   100  rt_memcpy_w.o(.text)
    _memcpy_lastbytes_aligned                0x080003e5   Thumb Code     0  rt_memcpy_w.o(.text)
    __aeabi_memclr4                          0x08000401   Thumb Code     0  rt_memclr_w.o(.text)
    __aeabi_memclr8                          0x08000401   Thumb Code     0  rt_memclr_w.o(.text)
    __rt_memclr_w                            0x08000401   Thumb Code    78  rt_memclr_w.o(.text)
    _memset_w                                0x08000405   Thumb Code     0  rt_memclr_w.o(.text)
    __use_two_region_memory                  0x0800044f   Thumb Code     2  heapauxi.o(.text)
    __rt_heap_escrow$2region                 0x08000451   Thumb Code     2  heapauxi.o(.text)
    __rt_heap_expand$2region                 0x08000453   Thumb Code     2  heapauxi.o(.text)
    __lib_sel_fp_printf                      0x08000455   Thumb Code     2  _printf_fp_dec.o(.text)
    _printf_fp_dec_real                      0x08000607   Thumb Code   620  _printf_fp_dec.o(.text)
    _printf_char_common                      0x0800087f   Thumb Code    32  _printf_char_common.o(.text)
    _sputc                                   0x080008a5   Thumb Code    10  _sputc.o(.text)
    __rt_locale                              0x080008b1   Thumb Code     8  rt_locale_intlibspace.o(.text)
    _ll_udiv10                               0x080008b9   Thumb Code   138  lludiv10.o(.text)
    _printf_fp_infnan                        0x08000945   Thumb Code   112  _printf_fp_infnan.o(.text)
    _btod_etento                             0x080009c5   Thumb Code   224  bigflt0.o(.text)
    __user_libspace                          0x08000aa9   Thumb Code     8  libspace.o(.text)
    __user_perproc_libspace                  0x08000aa9   Thumb Code     0  libspace.o(.text)
    __user_perthread_libspace                0x08000aa9   Thumb Code     0  libspace.o(.text)
    __user_setup_stackheap                   0x08000ab1   Thumb Code    74  sys_stackheap_outer.o(.text)
    exit                                     0x08000afb   Thumb Code    18  exit.o(.text)
    strcmp                                   0x08000b0d   Thumb Code   128  strcmpv7m.o(.text)
    _sys_exit                                0x08000b8d   Thumb Code     8  sys_exit.o(.text)
    __I$use$semihosting                      0x08000b99   Thumb Code     0  use_no_semi.o(.text)
    __use_no_semihosting_swi                 0x08000b99   Thumb Code     2  use_no_semi.o(.text)
    __semihosting_library_function           0x08000b9b   Thumb Code     0  indicate_semi.o(.text)
    _btod_d2e                                0x08000b9b   Thumb Code    62  btod.o(CL$$btod_d2e)
    _d2e_denorm_low                          0x08000bd9   Thumb Code    70  btod.o(CL$$btod_d2e_denorm_low)
    _d2e_norm_op1                            0x08000c1f   Thumb Code    96  btod.o(CL$$btod_d2e_norm_op1)
    __btod_div_common                        0x08000c7f   Thumb Code   696  btod.o(CL$$btod_div_common)
    _e2e                                     0x08000fb7   Thumb Code   220  btod.o(CL$$btod_e2e)
    _btod_ediv                               0x08001093   Thumb Code    42  btod.o(CL$$btod_ediv)
    _btod_emul                               0x080010bd   Thumb Code    42  btod.o(CL$$btod_emul)
    __btod_mult_common                       0x080010e7   Thumb Code   580  btod.o(CL$$btod_mult_common)
    BusFault_Handler                         0x0800132b   Thumb Code     2  stm32f1xx_it.o(i.BusFault_Handler)
    DHT22_GetTemp_Humidity                   0x0800132d   Thumb Code   130  my_dht22.o(i.DHT22_GetTemp_Humidity)
    DHT22_Init                               0x080013b5   Thumb Code    34  my_dht22.o(i.DHT22_Init)
    DebugMon_Handler                         0x08001471   Thumb Code     2  stm32f1xx_it.o(i.DebugMon_Handler)
    HAL_DMA_Abort                            0x08001491   Thumb Code    70  stm32f1xx_hal_dma.o(i.HAL_DMA_Abort)
    HAL_DMA_Abort_IT                         0x080014d9   Thumb Code   148  stm32f1xx_hal_dma.o(i.HAL_DMA_Abort_IT)
    HAL_Delay                                0x08001571   Thumb Code    32  stm32f1xx_hal.o(i.HAL_Delay)
    HAL_GPIO_Init                            0x08001595   Thumb Code   446  stm32f1xx_hal_gpio.o(i.HAL_GPIO_Init)
    HAL_GPIO_ReadPin                         0x08001775   Thumb Code    10  stm32f1xx_hal_gpio.o(i.HAL_GPIO_ReadPin)
    HAL_GPIO_WritePin                        0x0800177f   Thumb Code    10  stm32f1xx_hal_gpio.o(i.HAL_GPIO_WritePin)
    HAL_GetTick                              0x08001789   Thumb Code     6  stm32f1xx_hal.o(i.HAL_GetTick)
    HAL_IncTick                              0x08001795   Thumb Code    12  stm32f1xx_hal.o(i.HAL_IncTick)
    HAL_Init                                 0x080017a5   Thumb Code    32  stm32f1xx_hal.o(i.HAL_Init)
    HAL_InitTick                             0x080017c9   Thumb Code    54  stm32f1xx_hal.o(i.HAL_InitTick)
    HAL_MspInit                              0x08001809   Thumb Code    52  stm32f1xx_hal_msp.o(i.HAL_MspInit)
    HAL_NVIC_EnableIRQ                       0x08001845   Thumb Code    26  stm32f1xx_hal_cortex.o(i.HAL_NVIC_EnableIRQ)
    HAL_NVIC_SetPriority                     0x08001861   Thumb Code    60  stm32f1xx_hal_cortex.o(i.HAL_NVIC_SetPriority)
    HAL_NVIC_SetPriorityGrouping             0x080018a1   Thumb Code    26  stm32f1xx_hal_cortex.o(i.HAL_NVIC_SetPriorityGrouping)
    HAL_RCC_ClockConfig                      0x080018c5   Thumb Code   280  stm32f1xx_hal_rcc.o(i.HAL_RCC_ClockConfig)
    HAL_RCC_GetPCLK1Freq                     0x080019f1   Thumb Code    20  stm32f1xx_hal_rcc.o(i.HAL_RCC_GetPCLK1Freq)
    HAL_RCC_GetPCLK2Freq                     0x08001a11   Thumb Code    20  stm32f1xx_hal_rcc.o(i.HAL_RCC_GetPCLK2Freq)
    HAL_RCC_GetSysClockFreq                  0x08001a31   Thumb Code    74  stm32f1xx_hal_rcc.o(i.HAL_RCC_GetSysClockFreq)
    HAL_RCC_OscConfig                        0x08001a9d   Thumb Code   778  stm32f1xx_hal_rcc.o(i.HAL_RCC_OscConfig)
    HAL_SYSTICK_Config                       0x08001dbd   Thumb Code    40  stm32f1xx_hal_cortex.o(i.HAL_SYSTICK_Config)
    HAL_UARTEx_RxEventCallback               0x08001de5   Thumb Code     2  stm32f1xx_hal_uart.o(i.HAL_UARTEx_RxEventCallback)
    HAL_UART_ErrorCallback                   0x08001de7   Thumb Code     2  stm32f1xx_hal_uart.o(i.HAL_UART_ErrorCallback)
    HAL_UART_IRQHandler                      0x08001de9   Thumb Code   520  stm32f1xx_hal_uart.o(i.HAL_UART_IRQHandler)
    HAL_UART_Init                            0x08001ff5   Thumb Code    98  stm32f1xx_hal_uart.o(i.HAL_UART_Init)
    HAL_UART_MspInit                         0x08002059   Thumb Code   116  stm32f1xx_hal_msp.o(i.HAL_UART_MspInit)
    HAL_UART_RxCpltCallback                  0x080020d9   Thumb Code     2  stm32f1xx_hal_uart.o(i.HAL_UART_RxCpltCallback)
    HAL_UART_Transmit                        0x080020dd   Thumb Code   178  stm32f1xx_hal_uart.o(i.HAL_UART_Transmit)
    HAL_UART_TxCpltCallback                  0x0800218f   Thumb Code     2  stm32f1xx_hal_uart.o(i.HAL_UART_TxCpltCallback)
    HardFault_Handler                        0x08002191   Thumb Code     2  stm32f1xx_it.o(i.HardFault_Handler)
    MemManage_Handler                        0x08002259   Thumb Code     2  stm32f1xx_it.o(i.MemManage_Handler)
    NMI_Handler                              0x0800225b   Thumb Code     2  stm32f1xx_it.o(i.NMI_Handler)
    PendSV_Handler                           0x080022b9   Thumb Code     2  stm32f1xx_it.o(i.PendSV_Handler)
    SVC_Handler                              0x080022bb   Thumb Code     2  stm32f1xx_it.o(i.SVC_Handler)
    SysTick_Handler                          0x080022bd   Thumb Code     4  stm32f1xx_it.o(i.SysTick_Handler)
    SystemClock_Config                       0x080022c1   Thumb Code    80  main.o(i.SystemClock_Config)
    SystemInit                               0x08002311   Thumb Code     2  system_stm32f1xx.o(i.SystemInit)
    USART1_IRQHandler                        0x08002525   Thumb Code     6  stm32f1xx_it.o(i.USART1_IRQHandler)
    UsageFault_Handler                       0x08002531   Thumb Code     2  stm32f1xx_it.o(i.UsageFault_Handler)
    W_GP                                     0x08002535   Thumb Code    44  gp_drive.o(i.W_GP)
    __ARM_fpclassify                         0x0800256d   Thumb Code    40  fpclassify.o(i.__ARM_fpclassify)
    _is_digit                                0x080025b5   Thumb Code    14  __printf_wp.o(i._is_digit)
    init_GP                                  0x080025c5   Thumb Code   100  gp_drive.o(i.init_GP)
    main                                     0x08002639   Thumb Code   558  main.o(i.main)
    n5110_clear                              0x080028a9   Thumb Code    42  n5110_drive.o(i.n5110_clear)
    n5110_clear_buffer                       0x080028d3   Thumb Code    36  n5110_drive.o(i.n5110_clear_buffer)
    n5110_init                               0x080028f7   Thumb Code   168  n5110_drive.o(i.n5110_init)
    n5110_pos                                0x0800299f   Thumb Code    52  n5110_drive.o(i.n5110_pos)
    n5110_print_buffer                       0x080029d3   Thumb Code    78  n5110_drive.o(i.n5110_print_buffer)
    n5110_update_buffer                      0x08002a21   Thumb Code   120  n5110_drive.o(i.n5110_update_buffer)
    n5110_update_str_buffer                  0x08002a99   Thumb Code    92  n5110_drive.o(i.n5110_update_str_buffer)
    spi_init                                 0x08002af9   Thumb Code   234  spi_drive.o(i.spi_init)
    spi_tx                                   0x08002bf1   Thumb Code    76  spi_drive.o(i.spi_tx)
    _get_lc_numeric                          0x08002c45   Thumb Code    44  lc_numeric_c.o(locale$$code)
    __fpl_dretinf                            0x08002c71   Thumb Code    12  dretinf.o(x$fpl$dretinf)
    __aeabi_f2d                              0x08002c7d   Thumb Code     0  f2d.o(x$fpl$f2d)
    _f2d                                     0x08002c7d   Thumb Code    86  f2d.o(x$fpl$f2d)
    __aeabi_fdiv                             0x08002cd5   Thumb Code     0  fdiv.o(x$fpl$fdiv)
    _fdiv                                    0x08002cd5   Thumb Code   384  fdiv.o(x$fpl$fdiv)
    __aeabi_ui2f                             0x08002e59   Thumb Code     0  fflt_clz.o(x$fpl$ffltu)
    _ffltu                                   0x08002e59   Thumb Code    38  fflt_clz.o(x$fpl$ffltu)
    __fpl_fnaninf                            0x08002e7f   Thumb Code   140  fnaninf.o(x$fpl$fnaninf)
    __fpl_fretinf                            0x08002f0b   Thumb Code    10  fretinf.o(x$fpl$fretinf)
    _printf_fp_dec                           0x08002f15   Thumb Code     4  printf1.o(x$fpl$printf1)
    __I$use$fp                               0x08002f18   Number         0  usenofp.o(x$fpl$usenofp)
    AHBPrescTable                            0x080030f8   Data          16  system_stm32f1xx.o(.constdata)
    APBPrescTable                            0x08003108   Data           8  system_stm32f1xx.o(.constdata)
    Region$$Table$$Base                      0x080031a4   Number         0  anon$$obj.o(Region$$Table)
    Region$$Table$$Limit                     0x080031c4   Number         0  anon$$obj.o(Region$$Table)
    Temperature                              0x20000010   Data           4  main.o(.data)
    Humidity                                 0x20000014   Data           4  main.o(.data)
    uwTickFreq                               0x200011d0   Data           1  stm32f1xx_hal.o(.data)
    uwTickPrio                               0x200011d4   Data           4  stm32f1xx_hal.o(.data)
    uwTick                                   0x200011d8   Data           4  stm32f1xx_hal.o(.data)
    SystemCoreClock                          0x200011dc   Data           4  system_stm32f1xx.o(.data)
    huart1                                   0x200011e0   Data          68  main.o(.bss)
    __libspace_start                         0x20001224   Data          96  libspace.o(.bss)
    __temporary_stack_top$libspace           0x20001284   Data           0  libspace.o(.bss)



==============================================================================

Memory Map of the image

  Image Entry point : 0x080000ed

  Load Region LR_IROM1 (Base: 0x08000000, Size: 0x000043c0, Max: 0x00010000, ABSOLUTE, COMPRESSED[0x000033bc])

    Execution Region ER_IROM1 (Exec base: 0x08000000, Load base: 0x08000000, Size: 0x000031e0, Max: 0x00010000, ABSOLUTE)

    Exec Addr    Load Addr    Size         Type   Attr      Idx    E Section Name        Object

    0x08000000   0x08000000   0x000000ec   Data   RO            3    RESET               startup_stm32f103xb.o
    0x080000ec   0x080000ec   0x00000008   Code   RO         2052  * !!!main             c_w.l(__main.o)
    0x080000f4   0x080000f4   0x00000034   Code   RO         2286    !!!scatter          c_w.l(__scatter.o)
    0x08000128   0x08000128   0x00000064   Code   RO         2284    !!dclz77c           c_w.l(__dclz77c.o)
    0x0800018c   0x0800018c   0x0000001c   Code   RO         2288    !!handler_zi        c_w.l(__scatter_zi.o)
    0x080001a8   0x080001a8   0x00000000   Code   RO         2043    .ARM.Collect$$_printf_percent$$00000000  c_w.l(_printf_percent.o)
    0x080001a8   0x080001a8   0x00000006   Code   RO         2042    .ARM.Collect$$_printf_percent$$00000003  c_w.l(_printf_f.o)
    0x080001ae   0x080001ae   0x00000004   Code   RO         2075    .ARM.Collect$$_printf_percent$$00000017  c_w.l(_printf_percent_end.o)
    0x080001b2   0x080001b2   0x00000002   Code   RO         2155    .ARM.Collect$$libinit$$00000000  c_w.l(libinit.o)
    0x080001b4   0x080001b4   0x00000000   Code   RO         2157    .ARM.Collect$$libinit$$00000002  c_w.l(libinit2.o)
    0x080001b4   0x080001b4   0x00000000   Code   RO         2159    .ARM.Collect$$libinit$$00000004  c_w.l(libinit2.o)
    0x080001b4   0x080001b4   0x00000000   Code   RO         2162    .ARM.Collect$$libinit$$0000000A  c_w.l(libinit2.o)
    0x080001b4   0x080001b4   0x00000000   Code   RO         2164    .ARM.Collect$$libinit$$0000000C  c_w.l(libinit2.o)
    0x080001b4   0x080001b4   0x00000000   Code   RO         2166    .ARM.Collect$$libinit$$0000000E  c_w.l(libinit2.o)
    0x080001b4   0x080001b4   0x00000006   Code   RO         2167    .ARM.Collect$$libinit$$0000000F  c_w.l(libinit2.o)
    0x080001ba   0x080001ba   0x00000000   Code   RO         2169    .ARM.Collect$$libinit$$00000011  c_w.l(libinit2.o)
    0x080001ba   0x080001ba   0x00000000   Code   RO         2171    .ARM.Collect$$libinit$$00000013  c_w.l(libinit2.o)
    0x080001ba   0x080001ba   0x00000000   Code   RO         2173    .ARM.Collect$$libinit$$00000015  c_w.l(libinit2.o)
    0x080001ba   0x080001ba   0x0000000a   Code   RO         2174    .ARM.Collect$$libinit$$00000016  c_w.l(libinit2.o)
    0x080001c4   0x080001c4   0x00000000   Code   RO         2175    .ARM.Collect$$libinit$$00000017  c_w.l(libinit2.o)
    0x080001c4   0x080001c4   0x00000000   Code   RO         2177    .ARM.Collect$$libinit$$00000019  c_w.l(libinit2.o)
    0x080001c4   0x080001c4   0x00000000   Code   RO         2179    .ARM.Collect$$libinit$$0000001B  c_w.l(libinit2.o)
    0x080001c4   0x080001c4   0x00000000   Code   RO         2181    .ARM.Collect$$libinit$$0000001D  c_w.l(libinit2.o)
    0x080001c4   0x080001c4   0x00000000   Code   RO         2183    .ARM.Collect$$libinit$$0000001F  c_w.l(libinit2.o)
    0x080001c4   0x080001c4   0x00000000   Code   RO         2185    .ARM.Collect$$libinit$$00000021  c_w.l(libinit2.o)
    0x080001c4   0x080001c4   0x00000000   Code   RO         2187    .ARM.Collect$$libinit$$00000023  c_w.l(libinit2.o)
    0x080001c4   0x080001c4   0x00000000   Code   RO         2189    .ARM.Collect$$libinit$$00000025  c_w.l(libinit2.o)
    0x080001c4   0x080001c4   0x00000000   Code   RO         2193    .ARM.Collect$$libinit$$0000002C  c_w.l(libinit2.o)
    0x080001c4   0x080001c4   0x00000000   Code   RO         2195    .ARM.Collect$$libinit$$0000002E  c_w.l(libinit2.o)
    0x080001c4   0x080001c4   0x00000000   Code   RO         2197    .ARM.Collect$$libinit$$00000030  c_w.l(libinit2.o)
    0x080001c4   0x080001c4   0x00000000   Code   RO         2199    .ARM.Collect$$libinit$$00000032  c_w.l(libinit2.o)
    0x080001c4   0x080001c4   0x00000002   Code   RO         2200    .ARM.Collect$$libinit$$00000033  c_w.l(libinit2.o)
    0x080001c6   0x080001c6   0x00000002   Code   RO         2230    .ARM.Collect$$libshutdown$$00000000  c_w.l(libshutdown.o)
    0x080001c8   0x080001c8   0x00000000   Code   RO         2241    .ARM.Collect$$libshutdown$$00000002  c_w.l(libshutdown2.o)
    0x080001c8   0x080001c8   0x00000000   Code   RO         2243    .ARM.Collect$$libshutdown$$00000004  c_w.l(libshutdown2.o)
    0x080001c8   0x080001c8   0x00000000   Code   RO         2245    .ARM.Collect$$libshutdown$$00000006  c_w.l(libshutdown2.o)
    0x080001c8   0x080001c8   0x00000000   Code   RO         2248    .ARM.Collect$$libshutdown$$00000009  c_w.l(libshutdown2.o)
    0x080001c8   0x080001c8   0x00000000   Code   RO         2251    .ARM.Collect$$libshutdown$$0000000C  c_w.l(libshutdown2.o)
    0x080001c8   0x080001c8   0x00000000   Code   RO         2253    .ARM.Collect$$libshutdown$$0000000E  c_w.l(libshutdown2.o)
    0x080001c8   0x080001c8   0x00000000   Code   RO         2256    .ARM.Collect$$libshutdown$$00000011  c_w.l(libshutdown2.o)
    0x080001c8   0x080001c8   0x00000002   Code   RO         2257    .ARM.Collect$$libshutdown$$00000012  c_w.l(libshutdown2.o)
    0x080001ca   0x080001ca   0x00000000   Code   RO         2068    .ARM.Collect$$rtentry$$00000000  c_w.l(__rtentry.o)
    0x080001ca   0x080001ca   0x00000000   Code   RO         2084    .ARM.Collect$$rtentry$$00000002  c_w.l(__rtentry2.o)
    0x080001ca   0x080001ca   0x00000006   Code   RO         2096    .ARM.Collect$$rtentry$$00000004  c_w.l(__rtentry4.o)
    0x080001d0   0x080001d0   0x00000000   Code   RO         2086    .ARM.Collect$$rtentry$$00000009  c_w.l(__rtentry2.o)
    0x080001d0   0x080001d0   0x00000004   Code   RO         2087    .ARM.Collect$$rtentry$$0000000A  c_w.l(__rtentry2.o)
    0x080001d4   0x080001d4   0x00000000   Code   RO         2089    .ARM.Collect$$rtentry$$0000000C  c_w.l(__rtentry2.o)
    0x080001d4   0x080001d4   0x00000008   Code   RO         2090    .ARM.Collect$$rtentry$$0000000D  c_w.l(__rtentry2.o)
    0x080001dc   0x080001dc   0x00000002   Code   RO         2201    .ARM.Collect$$rtexit$$00000000  c_w.l(rtexit.o)
    0x080001de   0x080001de   0x00000000   Code   RO         2208    .ARM.Collect$$rtexit$$00000002  c_w.l(rtexit2.o)
    0x080001de   0x080001de   0x00000004   Code   RO         2209    .ARM.Collect$$rtexit$$00000003  c_w.l(rtexit2.o)
    0x080001e2   0x080001e2   0x00000006   Code   RO         2210    .ARM.Collect$$rtexit$$00000004  c_w.l(rtexit2.o)
    0x080001e8   0x080001e8   0x00000040   Code   RO            4    .text               startup_stm32f103xb.o
    0x08000228   0x08000228   0x00000028   Code   RO         2018    .text               c_w.l(noretval__2sprintf.o)
    0x08000250   0x08000250   0x0000010e   Code   RO         2030    .text               c_w.l(__printf_wp.o)
    0x0800035e   0x0800035e   0x0000003e   Code   RO         2044    .text               c_w.l(strlen.o)
    0x0800039c   0x0800039c   0x00000064   Code   RO         2046    .text               c_w.l(rt_memcpy_w.o)
    0x08000400   0x08000400   0x0000004e   Code   RO         2048    .text               c_w.l(rt_memclr_w.o)
    0x0800044e   0x0800044e   0x00000006   Code   RO         2050    .text               c_w.l(heapauxi.o)
    0x08000454   0x08000454   0x0000041e   Code   RO         2069    .text               c_w.l(_printf_fp_dec.o)
    0x08000872   0x08000872   0x00000002   PAD
    0x08000874   0x08000874   0x00000030   Code   RO         2071    .text               c_w.l(_printf_char_common.o)
    0x080008a4   0x080008a4   0x0000000a   Code   RO         2073    .text               c_w.l(_sputc.o)
    0x080008ae   0x080008ae   0x00000002   PAD
    0x080008b0   0x080008b0   0x00000008   Code   RO         2101    .text               c_w.l(rt_locale_intlibspace.o)
    0x080008b8   0x080008b8   0x0000008a   Code   RO         2103    .text               c_w.l(lludiv10.o)
    0x08000942   0x08000942   0x00000002   PAD
    0x08000944   0x08000944   0x00000080   Code   RO         2105    .text               c_w.l(_printf_fp_infnan.o)
    0x080009c4   0x080009c4   0x000000e4   Code   RO         2109    .text               c_w.l(bigflt0.o)
    0x08000aa8   0x08000aa8   0x00000008   Code   RO         2141    .text               c_w.l(libspace.o)
    0x08000ab0   0x08000ab0   0x0000004a   Code   RO         2144    .text               c_w.l(sys_stackheap_outer.o)
    0x08000afa   0x08000afa   0x00000012   Code   RO         2146    .text               c_w.l(exit.o)
    0x08000b0c   0x08000b0c   0x00000080   Code   RO         2148    .text               c_w.l(strcmpv7m.o)
    0x08000b8c   0x08000b8c   0x0000000c   Code   RO         2220    .text               c_w.l(sys_exit.o)
    0x08000b98   0x08000b98   0x00000002   Code   RO         2231    .text               c_w.l(use_no_semi.o)
    0x08000b9a   0x08000b9a   0x00000000   Code   RO         2233    .text               c_w.l(indicate_semi.o)
    0x08000b9a   0x08000b9a   0x0000003e   Code   RO         2112    CL$$btod_d2e        c_w.l(btod.o)
    0x08000bd8   0x08000bd8   0x00000046   Code   RO         2114    CL$$btod_d2e_denorm_low  c_w.l(btod.o)
    0x08000c1e   0x08000c1e   0x00000060   Code   RO         2113    CL$$btod_d2e_norm_op1  c_w.l(btod.o)
    0x08000c7e   0x08000c7e   0x00000338   Code   RO         2122    CL$$btod_div_common  c_w.l(btod.o)
    0x08000fb6   0x08000fb6   0x000000dc   Code   RO         2119    CL$$btod_e2e        c_w.l(btod.o)
    0x08001092   0x08001092   0x0000002a   Code   RO         2116    CL$$btod_ediv       c_w.l(btod.o)
    0x080010bc   0x080010bc   0x0000002a   Code   RO         2115    CL$$btod_emul       c_w.l(btod.o)
    0x080010e6   0x080010e6   0x00000244   Code   RO         2121    CL$$btod_mult_common  c_w.l(btod.o)
    0x0800132a   0x0800132a   0x00000002   Code   RO          219    i.BusFault_Handler  stm32f1xx_it.o
    0x0800132c   0x0800132c   0x00000088   Code   RO           13    i.DHT22_GetTemp_Humidity  my_dht22.o
    0x080013b4   0x080013b4   0x00000028   Code   RO           14    i.DHT22_Init        my_dht22.o
    0x080013dc   0x080013dc   0x00000094   Code   RO           15    i.DHT22_ReadRaw     my_dht22.o
    0x08001470   0x08001470   0x00000002   Code   RO          220    i.DebugMon_Handler  stm32f1xx_it.o
    0x08001472   0x08001472   0x00000002   PAD
    0x08001474   0x08001474   0x0000001c   Code   RO           16    i.DelayMicroSeconds  my_dht22.o
    0x08001490   0x08001490   0x00000046   Code   RO         1381    i.HAL_DMA_Abort     stm32f1xx_hal_dma.o
    0x080014d6   0x080014d6   0x00000002   PAD
    0x080014d8   0x080014d8   0x00000098   Code   RO         1382    i.HAL_DMA_Abort_IT  stm32f1xx_hal_dma.o
    0x08001570   0x08001570   0x00000024   Code   RO         1009    i.HAL_Delay         stm32f1xx_hal.o
    0x08001594   0x08001594   0x000001e0   Code   RO         1317    i.HAL_GPIO_Init     stm32f1xx_hal_gpio.o
    0x08001774   0x08001774   0x0000000a   Code   RO         1319    i.HAL_GPIO_ReadPin  stm32f1xx_hal_gpio.o
    0x0800177e   0x0800177e   0x0000000a   Code   RO         1321    i.HAL_GPIO_WritePin  stm32f1xx_hal_gpio.o
    0x08001788   0x08001788   0x0000000c   Code   RO         1013    i.HAL_GetTick       stm32f1xx_hal.o
    0x08001794   0x08001794   0x00000010   Code   RO         1019    i.HAL_IncTick       stm32f1xx_hal.o
    0x080017a4   0x080017a4   0x00000024   Code   RO         1020    i.HAL_Init          stm32f1xx_hal.o
    0x080017c8   0x080017c8   0x00000040   Code   RO         1021    i.HAL_InitTick      stm32f1xx_hal.o
    0x08001808   0x08001808   0x0000003c   Code   RO          301    i.HAL_MspInit       stm32f1xx_hal_msp.o
    0x08001844   0x08001844   0x0000001a   Code   RO         1477    i.HAL_NVIC_EnableIRQ  stm32f1xx_hal_cortex.o
    0x0800185e   0x0800185e   0x00000002   PAD
    0x08001860   0x08001860   0x00000040   Code   RO         1483    i.HAL_NVIC_SetPriority  stm32f1xx_hal_cortex.o
    0x080018a0   0x080018a0   0x00000024   Code   RO         1484    i.HAL_NVIC_SetPriorityGrouping  stm32f1xx_hal_cortex.o
    0x080018c4   0x080018c4   0x0000012c   Code   RO         1177    i.HAL_RCC_ClockConfig  stm32f1xx_hal_rcc.o
    0x080019f0   0x080019f0   0x00000020   Code   RO         1184    i.HAL_RCC_GetPCLK1Freq  stm32f1xx_hal_rcc.o
    0x08001a10   0x08001a10   0x00000020   Code   RO         1185    i.HAL_RCC_GetPCLK2Freq  stm32f1xx_hal_rcc.o
    0x08001a30   0x08001a30   0x0000006c   Code   RO         1186    i.HAL_RCC_GetSysClockFreq  stm32f1xx_hal_rcc.o
    0x08001a9c   0x08001a9c   0x00000320   Code   RO         1189    i.HAL_RCC_OscConfig  stm32f1xx_hal_rcc.o
    0x08001dbc   0x08001dbc   0x00000028   Code   RO         1488    i.HAL_SYSTICK_Config  stm32f1xx_hal_cortex.o
    0x08001de4   0x08001de4   0x00000002   Code   RO          656    i.HAL_UARTEx_RxEventCallback  stm32f1xx_hal_uart.o
    0x08001de6   0x08001de6   0x00000002   Code   RO          670    i.HAL_UART_ErrorCallback  stm32f1xx_hal_uart.o
    0x08001de8   0x08001de8   0x0000020c   Code   RO          673    i.HAL_UART_IRQHandler  stm32f1xx_hal_uart.o
    0x08001ff4   0x08001ff4   0x00000062   Code   RO          674    i.HAL_UART_Init     stm32f1xx_hal_uart.o
    0x08002056   0x08002056   0x00000002   PAD
    0x08002058   0x08002058   0x00000080   Code   RO          303    i.HAL_UART_MspInit  stm32f1xx_hal_msp.o
    0x080020d8   0x080020d8   0x00000002   Code   RO          680    i.HAL_UART_RxCpltCallback  stm32f1xx_hal_uart.o
    0x080020da   0x080020da   0x00000002   PAD
    0x080020dc   0x080020dc   0x000000b2   Code   RO          682    i.HAL_UART_Transmit  stm32f1xx_hal_uart.o
    0x0800218e   0x0800218e   0x00000002   Code   RO          685    i.HAL_UART_TxCpltCallback  stm32f1xx_hal_uart.o
    0x08002190   0x08002190   0x00000002   Code   RO          221    i.HardFault_Handler  stm32f1xx_it.o
    0x08002192   0x08002192   0x00000002   PAD
    0x08002194   0x08002194   0x000000c4   Code   RO          163    i.MX_GPIO_Init      main.o
    0x08002258   0x08002258   0x00000002   Code   RO          222    i.MemManage_Handler  stm32f1xx_it.o
    0x0800225a   0x0800225a   0x00000002   Code   RO          223    i.NMI_Handler       stm32f1xx_it.o
    0x0800225c   0x0800225c   0x00000030   Code   RO           17    i.ONE_WIRE_PinMode  my_dht22.o
    0x0800228c   0x0800228c   0x00000018   Code   RO           18    i.ONE_WIRE_Pin_Read  my_dht22.o
    0x080022a4   0x080022a4   0x00000014   Code   RO           19    i.ONE_WIRE_Pin_Write  my_dht22.o
    0x080022b8   0x080022b8   0x00000002   Code   RO          224    i.PendSV_Handler    stm32f1xx_it.o
    0x080022ba   0x080022ba   0x00000002   Code   RO          225    i.SVC_Handler       stm32f1xx_it.o
    0x080022bc   0x080022bc   0x00000004   Code   RO          226    i.SysTick_Handler   stm32f1xx_it.o
    0x080022c0   0x080022c0   0x00000050   Code   RO          164    i.SystemClock_Config  main.o
    0x08002310   0x08002310   0x00000002   Code   RO         1978    i.SystemInit        system_stm32f1xx.o
    0x08002312   0x08002312   0x00000010   Code   RO          687    i.UART_DMAAbortOnError  stm32f1xx_hal_uart.o
    0x08002322   0x08002322   0x00000030   Code   RO          697    i.UART_EndRxTransfer  stm32f1xx_hal_uart.o
    0x08002352   0x08002352   0x000000b6   Code   RO          699    i.UART_Receive_IT   stm32f1xx_hal_uart.o
    0x08002408   0x08002408   0x000000b8   Code   RO          700    i.UART_SetConfig    stm32f1xx_hal_uart.o
    0x080024c0   0x080024c0   0x00000064   Code   RO          703    i.UART_WaitOnFlagUntilTimeout  stm32f1xx_hal_uart.o
    0x08002524   0x08002524   0x0000000c   Code   RO          227    i.USART1_IRQHandler  stm32f1xx_it.o
    0x08002530   0x08002530   0x00000002   Code   RO          228    i.UsageFault_Handler  stm32f1xx_it.o
    0x08002532   0x08002532   0x00000002   PAD
    0x08002534   0x08002534   0x00000038   Code   RO          341    i.W_GP              gp_drive.o
    0x0800256c   0x0800256c   0x00000028   Code   RO         2139    i.__ARM_fpclassify  m_ws.l(fpclassify.o)
    0x08002594   0x08002594   0x00000020   Code   RO         1490    i.__NVIC_SetPriority  stm32f1xx_hal_cortex.o
    0x080025b4   0x080025b4   0x0000000e   Code   RO         2032    i._is_digit         c_w.l(__printf_wp.o)
    0x080025c2   0x080025c2   0x00000002   PAD
    0x080025c4   0x080025c4   0x00000074   Code   RO          342    i.init_GP           gp_drive.o
    0x08002638   0x08002638   0x00000270   Code   RO          165    i.main              main.o
    0x080028a8   0x080028a8   0x0000002a   Code   RO          503    i.n5110_clear       n5110_drive.o
    0x080028d2   0x080028d2   0x00000024   Code   RO          504    i.n5110_clear_buffer  n5110_drive.o
    0x080028f6   0x080028f6   0x000000a8   Code   RO          505    i.n5110_init        n5110_drive.o
    0x0800299e   0x0800299e   0x00000034   Code   RO          506    i.n5110_pos         n5110_drive.o
    0x080029d2   0x080029d2   0x0000004e   Code   RO          508    i.n5110_print_buffer  n5110_drive.o
    0x08002a20   0x08002a20   0x00000078   Code   RO          509    i.n5110_update_buffer  n5110_drive.o
    0x08002a98   0x08002a98   0x00000060   Code   RO          510    i.n5110_update_str_buffer  n5110_drive.o
    0x08002af8   0x08002af8   0x000000f8   Code   RO          467    i.spi_init          spi_drive.o
    0x08002bf0   0x08002bf0   0x00000054   Code   RO          469    i.spi_tx            spi_drive.o
    0x08002c44   0x08002c44   0x0000002c   Code   RO         2135    locale$$code        c_w.l(lc_numeric_c.o)
    0x08002c70   0x08002c70   0x0000000c   Code   RO         2076    x$fpl$dretinf       fz_ws.l(dretinf.o)
    0x08002c7c   0x08002c7c   0x00000056   Code   RO         2054    x$fpl$f2d           fz_ws.l(f2d.o)
    0x08002cd2   0x08002cd2   0x00000002   PAD
    0x08002cd4   0x08002cd4   0x00000184   Code   RO         2057    x$fpl$fdiv          fz_ws.l(fdiv.o)
    0x08002e58   0x08002e58   0x00000026   Code   RO         2060    x$fpl$ffltu         fz_ws.l(fflt_clz.o)
    0x08002e7e   0x08002e7e   0x0000008c   Code   RO         2078    x$fpl$fnaninf       fz_ws.l(fnaninf.o)
    0x08002f0a   0x08002f0a   0x0000000a   Code   RO         2080    x$fpl$fretinf       fz_ws.l(fretinf.o)
    0x08002f14   0x08002f14   0x00000004   Code   RO         2066    x$fpl$printf1       fz_ws.l(printf1.o)
    0x08002f18   0x08002f18   0x00000000   Code   RO         2082    x$fpl$usenofp       fz_ws.l(usenofp.o)
    0x08002f18   0x08002f18   0x000001e0   Data   RO          511    .constdata          n5110_drive.o
    0x080030f8   0x080030f8   0x00000010   Data   RO         1979    .constdata          system_stm32f1xx.o
    0x08003108   0x08003108   0x00000008   Data   RO         1980    .constdata          system_stm32f1xx.o
    0x08003110   0x08003110   0x00000094   Data   RO         2110    .constdata          c_w.l(bigflt0.o)
    0x080031a4   0x080031a4   0x00000020   Data   RO         2282    Region$$Table       anon$$obj.o
    0x080031c4   0x080031c4   0x0000001c   Data   RO         2134    locale$$data        c_w.l(lc_numeric_c.o)


    Execution Region RW_IRAM1 (Exec base: 0x20000000, Load base: 0x080031e0, Size: 0x00001888, Max: 0x00005000, ABSOLUTE, COMPRESSED[0x000001dc])

    Exec Addr    Load Addr    Size         Type   Attr      Idx    E Section Name        Object

    0x20000000   COMPRESSED   0x00000008   Data   RW           20    .data               my_dht22.o
    0x20000008   COMPRESSED   0x000011c8   Data   RW          167    .data               main.o
    0x200011d0   COMPRESSED   0x0000000c   Data   RW         1027    .data               stm32f1xx_hal.o
    0x200011dc   COMPRESSED   0x00000004   Data   RW         1981    .data               system_stm32f1xx.o
    0x200011e0        -       0x00000044   Zero   RW          166    .bss                main.o
    0x20001224        -       0x00000060   Zero   RW         2142    .bss                c_w.l(libspace.o)
    0x20001284   COMPRESSED   0x00000004   PAD
    0x20001288        -       0x00000200   Zero   RW            2    HEAP                startup_stm32f103xb.o
    0x20001488        -       0x00000400   Zero   RW            1    STACK               startup_stm32f103xb.o


==============================================================================

Image component sizes


      Code (inc. data)   RO Data    RW Data    ZI Data      Debug   Object Name

       172         28          0          0          0       1489   gp_drive.o
       900         84          0       4552         68       4710   main.o
       444         38          0          8          0     399490   my_dht22.o
       592          4        480          0          0       7029   n5110_drive.o
       332         22          0          0          0       1376   spi_drive.o
        64         26        236          0       1536        860   startup_stm32f103xb.o
       164         28          0         12          0       6305   stm32f1xx_hal.o
       198         14          0          0          0      29235   stm32f1xx_hal_cortex.o
       222          4          0          0          0       1919   stm32f1xx_hal_dma.o
       500         34          0          0          0       3711   stm32f1xx_hal_gpio.o
       188         20          0          0          0       1721   stm32f1xx_hal_msp.o
      1272        100          0          0          0       5492   stm32f1xx_hal_rcc.o
      1338         10          0          0          0      10316   stm32f1xx_hal_uart.o
        32          6          0          0          0       4806   stm32f1xx_it.o
         2          0         24          4          0       1263   system_stm32f1xx.o

    ----------------------------------------------------------------------
      6434        418        772       4576       1604     479722   Object Totals
         0          0         32          0          0          0   (incl. Generated)
        14          0          0          0          0          0   (incl. Padding)

    ----------------------------------------------------------------------

      Code (inc. data)   RO Data    RW Data    ZI Data      Debug   Library Member Name

       100          0          0          0          0          0   __dclz77c.o
         8          0          0          0          0         68   __main.o
       284          0          0          0          0        156   __printf_wp.o
         0          0          0          0          0          0   __rtentry.o
        12          0          0          0          0          0   __rtentry2.o
         6          0          0          0          0          0   __rtentry4.o
        52          8          0          0          0          0   __scatter.o
        28          0          0          0          0          0   __scatter_zi.o
        48          6          0          0          0         96   _printf_char_common.o
         6          0          0          0          0          0   _printf_f.o
      1054          0          0          0          0        216   _printf_fp_dec.o
       128         16          0          0          0         84   _printf_fp_infnan.o
         0          0          0          0          0          0   _printf_percent.o
         4          0          0          0          0          0   _printf_percent_end.o
        10          0          0          0          0         68   _sputc.o
       228          4        148          0          0         96   bigflt0.o
      1936        128          0          0          0        672   btod.o
        18          0          0          0          0         80   exit.o
         6          0          0          0          0        152   heapauxi.o
         0          0          0          0          0          0   indicate_semi.o
        44         10         28          0          0         76   lc_numeric_c.o
         2          0          0          0          0          0   libinit.o
        18          0          0          0          0          0   libinit2.o
         2          0          0          0          0          0   libshutdown.o
         2          0          0          0          0          0   libshutdown2.o
         8          4          0          0         96         68   libspace.o
       138          0          0          0          0         80   lludiv10.o
        40          6          0          0          0         84   noretval__2sprintf.o
         8          4          0          0          0         68   rt_locale_intlibspace.o
        78          0          0          0          0         80   rt_memclr_w.o
       100          0          0          0          0         80   rt_memcpy_w.o
         2          0          0          0          0          0   rtexit.o
        10          0          0          0          0          0   rtexit2.o
       128          0          0          0          0         68   strcmpv7m.o
        62          0          0          0          0         76   strlen.o
        12          4          0          0          0         68   sys_exit.o
        74          0          0          0          0         80   sys_stackheap_outer.o
         2          0          0          0          0         68   use_no_semi.o
        12          0          0          0          0         68   dretinf.o
        86          4          0          0          0         84   f2d.o
       388         76          0          0          0         96   fdiv.o
        38          0          0          0          0         68   fflt_clz.o
       140          4          0          0          0         84   fnaninf.o
        10          0          0          0          0         68   fretinf.o
         4          0          0          0          0         68   printf1.o
         0          0          0          0          0          0   usenofp.o
        40          0          0          0          0         68   fpclassify.o

    ----------------------------------------------------------------------
      5386        274        176          0        100       3188   Library Totals
        10          0          0          0          4          0   (incl. Padding)

    ----------------------------------------------------------------------

      Code (inc. data)   RO Data    RW Data    ZI Data      Debug   Library Name

      4658        190        176          0         96       2584   c_w.l
       678         84          0          0          0        536   fz_ws.l
        40          0          0          0          0         68   m_ws.l

    ----------------------------------------------------------------------
      5386        274        176          0        100       3188   Library Totals

    ----------------------------------------------------------------------

==============================================================================


      Code (inc. data)   RO Data    RW Data    ZI Data      Debug   

     11820        692        948       4576       1704     477914   Grand Totals
     11820        692        948        476       1704     477914   ELF Image Totals (compressed)
     11820        692        948        476          0          0   ROM Totals

==============================================================================

    Total RO  Size (Code + RO Data)                12768 (  12.47kB)
    Total RW  Size (RW Data + ZI Data)              6280 (   6.13kB)
    Total ROM Size (Code + RO Data + RW Data)      13244 (  12.93kB)

==============================================================================

