
E:\WORK\uK\STM32\KS0108\main.o:     file format elf32-littlearm
E:\WORK\uK\STM32\KS0108\main.o

Disassembly of section .text.main:

00000000 <main>:
main():
   0:	b510      	push	{r4, lr}
   2:	f7ff fffe 	bl	0 <GLCD_Initialize>
   6:	f7ff fffe 	bl	0 <GLCD_ClearScreen>
   a:	2000      	movs	r0, #0
   c:	4601      	mov	r1, r0
   e:	f7ff fffe 	bl	0 <GLCD_GoTo>
  12:	481a      	ldr	r0, [pc, #104]	(6c <GLCD_WriteString+0x6c>)
  14:	f7ff fffe 	bl	0 <GLCD_WriteString>
  18:	2101      	movs	r1, #1
  1a:	2000      	movs	r0, #0
  1c:	f7ff fffe 	bl	0 <GLCD_GoTo>
  20:	4817      	ldr	r0, [pc, #92]	(60 <GLCD_WriteString+0x60>)
  22:	f7ff fffe 	bl	0 <GLCD_WriteString>
  26:	2102      	movs	r1, #2
  28:	2000      	movs	r0, #0
  2a:	f7ff fffe 	bl	0 <GLCD_GoTo>
  2e:	4815      	ldr	r0, [pc, #84]	(58 <GLCD_WriteString+0x58>)
  30:	f7ff fffe 	bl	0 <GLCD_WriteString>
  34:	2103      	movs	r1, #3
  36:	2000      	movs	r0, #0
  38:	f7ff fffe 	bl	0 <GLCD_GoTo>
  3c:	4812      	ldr	r0, [pc, #72]	(4c <GLCD_WriteString+0x4c>)
  3e:	f7ff fffe 	bl	0 <GLCD_WriteString>
  42:	2104      	movs	r1, #4
  44:	2000      	movs	r0, #0
  46:	f7ff fffe 	bl	0 <GLCD_GoTo>
  4a:	4810      	ldr	r0, [pc, #64]	(44 <GLCD_WriteString+0x44>)
  4c:	f7ff fffe 	bl	0 <GLCD_WriteString>
  50:	2105      	movs	r1, #5
  52:	2000      	movs	r0, #0
  54:	f7ff fffe 	bl	0 <GLCD_GoTo>
  58:	480d      	ldr	r0, [pc, #52]	(38 <GLCD_WriteString+0x38>)
  5a:	f7ff fffe 	bl	0 <GLCD_WriteString>
  5e:	2106      	movs	r1, #6
  60:	2000      	movs	r0, #0
  62:	f7ff fffe 	bl	0 <GLCD_GoTo>
  66:	480b      	ldr	r0, [pc, #44]	(30 <GLCD_WriteString+0x30>)
  68:	f7ff fffe 	bl	0 <GLCD_WriteString>
  6c:	2000      	movs	r0, #0
  6e:	2107      	movs	r1, #7
  70:	f7ff fffe 	bl	0 <GLCD_GoTo>
  74:	4801      	ldr	r0, [pc, #4]	(8 <GLCD_WriteString+0x8>)
  76:	f7ff fffe 	bl	0 <GLCD_WriteString>
  7a:	e7fe      	b.n	0 <main>
  7c:	00000000 	.word	0x00000000
  80:	00000016 	.word	0x00000016
  84:	0000002c 	.word	0x0000002c
  88:	00000042 	.word	0x00000042
  8c:	00000058 	.word	0x00000058
  90:	0000006e 	.word	0x0000006e
  94:	00000084 	.word	0x00000084
